npm warn Unknown project config "shamefully-hoist". This will stop working in the next major version of npm.
npm warn Unknown project config "strict-peer-dependencies". This will stop working in the next major version of npm.

> xpancapital@0.1.0 build
> next build

   Ôû▓ Next.js 15.3.8

   Creating an optimized production build ...
Failed to compile.

./app/miembros/academia/page.tsx
Module parse failed: Identifier 'activeExam' has already been declared (44:11)
File was processed with these loaders:
 * ./node_modules/next/dist/build/webpack/loaders/next-flight-client-module-loader.js
 * ./node_modules/next/dist/build/webpack/loaders/next-swc-loader.js
You may need an additional loader to handle the result of these loaders.
|     const [autoStarted, setAutoStarted] = useState(false);
|     const [activeExam, setActiveExam] = useState(null);
>     const [activeExam, setActiveExam] = useState(null);
|     const fetchCursoCompleto = useCallback(async (slugOrId, useId = false)=>{
|         setLoadingCurso(true);

Import trace for requested module:
./app/miembros/academia/page.tsx


> Build failed because of webpack errors
