npm warn Unknown project config "shamefully-hoist". This will stop working in the next major version of npm.
npm warn Unknown project config "strict-peer-dependencies". This will stop working in the next major version of npm.

> blis-corp@0.1.0 build
> next build

   Ôû▓ Next.js 15.3.8
   - Environments: .env.local

   Creating an optimized production build ...
 Ô£ô Compiled successfully in 30.0s
   Linting and checking validity of types ...

Failed to compile.

./app/admin/blog/page.tsx
36:8  Warning: React Hook useEffect has a missing dependency: 'fetchPosts'. Either include it or remove the dependency array.  react-hooks/exhaustive-deps

./app/admin/certificados/page.tsx
70:8  Warning: React Hook useEffect has a missing dependency: 'fetchPlantillas'. Either include it or remove the dependency array.  react-hooks/exhaustive-deps
381:41  Warning: Image elements must have an alt prop, either with meaningful text, or an empty string for decorative images.  jsx-a11y/alt-text
426:41  Warning: Image elements must have an alt prop, either with meaningful text, or an empty string for decorative images.  jsx-a11y/alt-text

./app/admin/productos/page.tsx
36:8  Warning: React Hook useEffect has a missing dependency: 'fetchProducts'. Either include it or remove the dependency array.  react-hooks/exhaustive-deps

./app/admin/usuarios/page.tsx
34:8  Warning: React Hook useEffect has a missing dependency: 'fetchUsers'. Either include it or remove the dependency array.  react-hooks/exhaustive-deps

./app/api/admin/clientes/route.ts
21:11  Warning: 'tier' is assigned a value but never used. Allowed unused vars must match /^_/u.  @typescript-eslint/no-unused-vars

./app/api/admin/run-migration/route.ts
7:28  Warning: 'request' is defined but never used. Allowed unused args must match /^_/u.  @typescript-eslint/no-unused-vars
32:11  Warning: 'createTemplatesTable' is assigned a value but never used. Allowed unused vars must match /^_/u.  @typescript-eslint/no-unused-vars
58:11  Warning: 'createTemplateVersionesTable' is assigned a value but never used. Allowed unused vars must match /^_/u.  @typescript-eslint/no-unused-vars
71:11  Warning: 'createIndexes' is assigned a value but never used. Allowed unused vars must match /^_/u.  @typescript-eslint/no-unused-vars
81:11  Warning: 'enableRLS' is assigned a value but never used. Allowed unused vars must match /^_/u.  @typescript-eslint/no-unused-vars
86:11  Warning: 'createPolicies' is assigned a value but never used. Allowed unused vars must match /^_/u.  @typescript-eslint/no-unused-vars

./app/api/api/admin/clientes/route.ts
21:11  Warning: 'tier' is assigned a value but never used. Allowed unused vars must match /^_/u.  @typescript-eslint/no-unused-vars

./app/api/api/admin/run-migration/route.ts
7:28  Warning: 'request' is defined but never used. Allowed unused args must match /^_/u.  @typescript-eslint/no-unused-vars
32:11  Warning: 'createTemplatesTable' is assigned a value but never used. Allowed unused vars must match /^_/u.  @typescript-eslint/no-unused-vars
58:11  Warning: 'createTemplateVersionesTable' is assigned a value but never used. Allowed unused vars must match /^_/u.  @typescript-eslint/no-unused-vars
71:11  Warning: 'createIndexes' is assigned a value but never used. Allowed unused vars must match /^_/u.  @typescript-eslint/no-unused-vars
81:11  Warning: 'enableRLS' is assigned a value but never used. Allowed unused vars must match /^_/u.  @typescript-eslint/no-unused-vars
86:11  Warning: 'createPolicies' is assigned a value but never used. Allowed unused vars must match /^_/u.  @typescript-eslint/no-unused-vars

./app/api/api/binance/route.ts
46:28  Warning: Unexpected any. Specify a different type.  @typescript-eslint/no-explicit-any
98:21  Warning: Unexpected any. Specify a different type.  @typescript-eslint/no-explicit-any

./app/api/api/blog/comments/route.ts
150:20  Warning: Unexpected any. Specify a different type.  @typescript-eslint/no-explicit-any

./app/api/api/certificados/route.ts
90:19  Warning: 'user' is assigned a value but never used. Allowed unused vars must match /^_/u.  @typescript-eslint/no-unused-vars

./app/api/api/checkout/route.ts
220:47  Warning: Unexpected any. Specify a different type.  @typescript-eslint/no-explicit-any

./app/api/api/context/monedas/route.ts
13:27  Warning: 'request' is defined but never used. Allowed unused args must match /^_/u.  @typescript-eslint/no-unused-vars
41:25  Warning: Unexpected any. Specify a different type.  @typescript-eslint/no-explicit-any
164:16  Warning: 'fetchExternalRates' is defined but never used. Allowed unused vars must match /^_/u.  @typescript-eslint/no-unused-vars

./app/api/api/cursos/route.ts
68:32  Warning: 'lesson_id' is assigned a value but never used. Allowed unused vars must match /^_/u.  @typescript-eslint/no-unused-vars

./app/api/api/ecuador-api/route.ts
38:21  Warning: Unexpected any. Specify a different type.  @typescript-eslint/no-explicit-any
68:21  Warning: Unexpected any. Specify a different type.  @typescript-eslint/no-explicit-any

./app/api/api/envato/auth/route.ts
12:21  Warning: Unexpected any. Specify a different type.  @typescript-eslint/no-explicit-any
19:27  Warning: 'request' is defined but never used. Allowed unused args must match /^_/u.  @typescript-eslint/no-unused-vars

./app/api/api/envato/callback/route.ts
12:21  Warning: Unexpected any. Specify a different type.  @typescript-eslint/no-explicit-any

./app/api/api/envato/download/route.ts
13:21  Warning: Unexpected any. Specify a different type.  @typescript-eslint/no-explicit-any
88:21  Warning: Unexpected any. Specify a different type.  @typescript-eslint/no-explicit-any
91:37  Warning: Unexpected any. Specify a different type.  @typescript-eslint/no-explicit-any
118:32  Warning: Unexpected any. Specify a different type.  @typescript-eslint/no-explicit-any
125:35  Warning: Unexpected any. Specify a different type.  @typescript-eslint/no-explicit-any
147:20  Warning: 'method' is assigned a value but never used. Allowed unused vars must match /^_/u.  @typescript-eslint/no-unused-vars

./app/api/api/envato/elements/route.ts
12:21  Warning: Unexpected any. Specify a different type.  @typescript-eslint/no-explicit-any
51:46  Warning: Unexpected any. Specify a different type.  @typescript-eslint/no-explicit-any
52:16  Warning: Unexpected any. Specify a different type.  @typescript-eslint/no-explicit-any
166:17  Warning: Unexpected any. Specify a different type.  @typescript-eslint/no-explicit-any

./app/api/api/envato/elements-download/route.ts
13:21  Warning: Unexpected any. Specify a different type.  @typescript-eslint/no-explicit-any
168:19  Warning: Unexpected any. Specify a different type.  @typescript-eslint/no-explicit-any
171:35  Warning: Unexpected any. Specify a different type.  @typescript-eslint/no-explicit-any
194:32  Warning: Unexpected any. Specify a different type.  @typescript-eslint/no-explicit-any
200:33  Warning: Unexpected any. Specify a different type.  @typescript-eslint/no-explicit-any
212:11  Error: 'email' is never reassigned. Use 'const' instead.  prefer-const
212:18  Error: 'password' is never reassigned. Use 'const' instead.  prefer-const
263:17  Warning: Unexpected any. Specify a different type.  @typescript-eslint/no-explicit-any

./app/api/api/envato/image-proxy/route.ts
12:21  Warning: Unexpected any. Specify a different type.  @typescript-eslint/no-explicit-any

./app/api/api/envato/purchases/route.ts
12:21  Warning: Unexpected any. Specify a different type.  @typescript-eslint/no-explicit-any
41:68  Warning: Unexpected any. Specify a different type.  @typescript-eslint/no-explicit-any

./app/api/api/envato/set-session/route.ts
22:17  Warning: Unexpected any. Specify a different type.  @typescript-eslint/no-explicit-any

./app/api/api/envato/status/route.ts
12:21  Warning: Unexpected any. Specify a different type.  @typescript-eslint/no-explicit-any

./app/api/api/generate-blog/route.ts
65:68  Warning: Unexpected any. Specify a different type.  @typescript-eslint/no-explicit-any
66:56  Warning: Unexpected any. Specify a different type.  @typescript-eslint/no-explicit-any
67:56  Warning: Unexpected any. Specify a different type.  @typescript-eslint/no-explicit-any
68:56  Warning: Unexpected any. Specify a different type.  @typescript-eslint/no-explicit-any
69:56  Warning: Unexpected any. Specify a different type.  @typescript-eslint/no-explicit-any
97:25  Warning: Unexpected any. Specify a different type.  @typescript-eslint/no-explicit-any
131:25  Warning: Unexpected any. Specify a different type.  @typescript-eslint/no-explicit-any
165:25  Warning: Unexpected any. Specify a different type.  @typescript-eslint/no-explicit-any
177:21  Warning: Unexpected any. Specify a different type.  @typescript-eslint/no-explicit-any

./app/api/api/images/route.ts
21:21  Warning: Unexpected any. Specify a different type.  @typescript-eslint/no-explicit-any
66:37  Warning: Unexpected any. Specify a different type.  @typescript-eslint/no-explicit-any
95:36  Warning: Unexpected any. Specify a different type.  @typescript-eslint/no-explicit-any
123:34  Warning: Unexpected any. Specify a different type.  @typescript-eslint/no-explicit-any
172:29  Warning: Unexpected any. Specify a different type.  @typescript-eslint/no-explicit-any
218:15  Warning: Unexpected any. Specify a different type.  @typescript-eslint/no-explicit-any
248:38  Warning: Unexpected any. Specify a different type.  @typescript-eslint/no-explicit-any
286:21  Warning: Unexpected any. Specify a different type.  @typescript-eslint/no-explicit-any
326:20  Warning: Unexpected any. Specify a different type.  @typescript-eslint/no-explicit-any
328:26  Warning: Unexpected any. Specify a different type.  @typescript-eslint/no-explicit-any
341:26  Warning: Unexpected any. Specify a different type.  @typescript-eslint/no-explicit-any
413:12  Warning: 'error' is defined but never used.  @typescript-eslint/no-unused-vars
419:16  Warning: 'generateGemini' is defined but never used. Allowed unused vars must match /^_/u.  @typescript-eslint/no-unused-vars
419:31  Warning: 'prompt' is defined but never used. Allowed unused args must match /^_/u.  @typescript-eslint/no-unused-vars
419:47  Warning: 'apiKey' is defined but never used. Allowed unused args must match /^_/u.  @typescript-eslint/no-unused-vars
482:12  Warning: 'error' is defined but never used.  @typescript-eslint/no-unused-vars
552:12  Warning: 'error' is defined but never used.  @typescript-eslint/no-unused-vars
625:22  Warning: Unexpected any. Specify a different type.  @typescript-eslint/no-explicit-any

./app/api/api/leads/route.ts
327:12  Warning: 'error' is defined but never used.  @typescript-eslint/no-unused-vars

./app/api/api/migrate-order/route.ts
82:19  Warning: Unexpected any. Specify a different type.  @typescript-eslint/no-explicit-any

./app/api/api/notion/parse-ai/route.ts
118:9  Error: 'errors' is never reassigned. Use 'const' instead.  prefer-const
144:35  Warning: Unexpected any. Specify a different type.  @typescript-eslint/no-explicit-any
147:46  Warning: Unexpected any. Specify a different type.  @typescript-eslint/no-explicit-any
224:21  Warning: Unexpected any. Specify a different type.  @typescript-eslint/no-explicit-any
240:17  Warning: Unexpected any. Specify a different type.  @typescript-eslint/no-explicit-any

./app/api/api/notion/sync/route.ts
41:9  Warning: 'detectedDatabases' is assigned a value but never used. Allowed unused vars must match /^_/u.  @typescript-eslint/no-unused-vars
53:26  Warning: Unexpected any. Specify a different type.  @typescript-eslint/no-explicit-any
61:17  Warning: Unexpected any. Specify a different type.  @typescript-eslint/no-explicit-any
96:20  Warning: Unexpected any. Specify a different type.  @typescript-eslint/no-explicit-any
183:21  Warning: Unexpected any. Specify a different type.  @typescript-eslint/no-explicit-any
206:17  Warning: Unexpected any. Specify a different type.  @typescript-eslint/no-explicit-any
260:21  Warning: Unexpected any. Specify a different type.  @typescript-eslint/no-explicit-any
266:17  Warning: Unexpected any. Specify a different type.  @typescript-eslint/no-explicit-any

./app/api/api/notion/sync-lot-payments/route.ts
3:47  Warning: 'getEstadoColor' is defined but never used. Allowed unused vars must match /^_/u.  @typescript-eslint/no-unused-vars
103:43  Warning: Unexpected any. Specify a different type.  @typescript-eslint/no-explicit-any
104:41  Warning: Unexpected any. Specify a different type.  @typescript-eslint/no-explicit-any
115:43  Warning: Unexpected any. Specify a different type.  @typescript-eslint/no-explicit-any
151:20  Warning: Unexpected any. Specify a different type.  @typescript-eslint/no-explicit-any
158:23  Warning: Unexpected any. Specify a different type.  @typescript-eslint/no-explicit-any
159:21  Warning: Unexpected any. Specify a different type.  @typescript-eslint/no-explicit-any
160:24  Warning: Unexpected any. Specify a different type.  @typescript-eslint/no-explicit-any
178:30  Warning: Unexpected any. Specify a different type.  @typescript-eslint/no-explicit-any
190:72  Warning: Unexpected any. Specify a different type.  @typescript-eslint/no-explicit-any
241:13  Warning: 'currentMonthStr' is assigned a value but never used. Allowed unused vars must match /^_/u.  @typescript-eslint/no-unused-vars
246:70  Warning: Unexpected any. Specify a different type.  @typescript-eslint/no-explicit-any
310:17  Warning: Unexpected any. Specify a different type.  @typescript-eslint/no-explicit-any

./app/api/api/notion/sync-receipts/route.ts
40:26  Warning: Unexpected any. Specify a different type.  @typescript-eslint/no-explicit-any
86:20  Warning: Unexpected any. Specify a different type.  @typescript-eslint/no-explicit-any
87:29  Warning: Unexpected any. Specify a different type.  @typescript-eslint/no-explicit-any
193:21  Warning: Unexpected any. Specify a different type.  @typescript-eslint/no-explicit-any
219:17  Warning: Unexpected any. Specify a different type.  @typescript-eslint/no-explicit-any
250:17  Warning: Unexpected any. Specify a different type.  @typescript-eslint/no-explicit-any

./app/api/api/notion/webhook/route.ts
26:11  Warning: 'body' is assigned a value but never used. Allowed unused vars must match /^_/u.  @typescript-eslint/no-unused-vars
32:23  Warning: Unexpected any. Specify a different type.  @typescript-eslint/no-explicit-any
69:21  Warning: Unexpected any. Specify a different type.  @typescript-eslint/no-explicit-any
75:17  Warning: Unexpected any. Specify a different type.  @typescript-eslint/no-explicit-any

./app/api/api/peru-api/route.ts
45:21  Warning: Unexpected any. Specify a different type.  @typescript-eslint/no-explicit-any

./app/api/api/pos-ai-suggestions/route.ts
43:44  Warning: Unexpected any. Specify a different type.  @typescript-eslint/no-explicit-any
117:21  Warning: Unexpected any. Specify a different type.  @typescript-eslint/no-explicit-any

./app/api/api/products/route.ts
73:43  Warning: Unexpected any. Specify a different type.  @typescript-eslint/no-explicit-any

./app/api/api/referidos/route.ts
248:12  Warning: 'error' is defined but never used.  @typescript-eslint/no-unused-vars

./app/api/api/shop/favorites/route.ts
33:47  Warning: Unexpected any. Specify a different type.  @typescript-eslint/no-explicit-any
73:50  Warning: Unexpected any. Specify a different type.  @typescript-eslint/no-explicit-any

./app/api/api/sync-products/route.ts
14:7  Warning: 'CATEGORY_MAP' is assigned a value but never used. Allowed unused vars must match /^_/u.  @typescript-eslint/no-unused-vars
45:28  Warning: 'request' is defined but never used. Allowed unused args must match /^_/u.  @typescript-eslint/no-unused-vars

./app/api/api/templates/landing/route.ts
12:27  Warning: 'request' is defined but never used. Allowed unused args must match /^_/u.  @typescript-eslint/no-unused-vars

./app/api/binance/route.ts
46:28  Warning: Unexpected any. Specify a different type.  @typescript-eslint/no-explicit-any
98:21  Warning: Unexpected any. Specify a different type.  @typescript-eslint/no-explicit-any

./app/api/blog/comments/route.ts
150:20  Warning: Unexpected any. Specify a different type.  @typescript-eslint/no-explicit-any

./app/api/certificados/route.ts
90:19  Warning: 'user' is assigned a value but never used. Allowed unused vars must match /^_/u.  @typescript-eslint/no-unused-vars

./app/api/checkout/route.ts
220:47  Warning: Unexpected any. Specify a different type.  @typescript-eslint/no-explicit-any

./app/api/context/monedas/route.ts
13:27  Warning: 'request' is defined but never used. Allowed unused args must match /^_/u.  @typescript-eslint/no-unused-vars
41:25  Warning: Unexpected any. Specify a different type.  @typescript-eslint/no-explicit-any
164:16  Warning: 'fetchExternalRates' is defined but never used. Allowed unused vars must match /^_/u.  @typescript-eslint/no-unused-vars

./app/api/cursos/route.ts
68:32  Warning: 'lesson_id' is assigned a value but never used. Allowed unused vars must match /^_/u.  @typescript-eslint/no-unused-vars

./app/api/ecuador-api/route.ts
38:21  Warning: Unexpected any. Specify a different type.  @typescript-eslint/no-explicit-any
68:21  Warning: Unexpected any. Specify a different type.  @typescript-eslint/no-explicit-any

./app/api/envato/auth/route.ts
12:21  Warning: Unexpected any. Specify a different type.  @typescript-eslint/no-explicit-any
19:27  Warning: 'request' is defined but never used. Allowed unused args must match /^_/u.  @typescript-eslint/no-unused-vars

./app/api/envato/callback/route.ts
12:21  Warning: Unexpected any. Specify a different type.  @typescript-eslint/no-explicit-any

./app/api/envato/download/route.ts
13:21  Warning: Unexpected any. Specify a different type.  @typescript-eslint/no-explicit-any
88:21  Warning: Unexpected any. Specify a different type.  @typescript-eslint/no-explicit-any
91:37  Warning: Unexpected any. Specify a different type.  @typescript-eslint/no-explicit-any
118:32  Warning: Unexpected any. Specify a different type.  @typescript-eslint/no-explicit-any
125:35  Warning: Unexpected any. Specify a different type.  @typescript-eslint/no-explicit-any
147:20  Warning: 'method' is assigned a value but never used. Allowed unused vars must match /^_/u.  @typescript-eslint/no-unused-vars

./app/api/envato/elements/route.ts
12:21  Warning: Unexpected any. Specify a different type.  @typescript-eslint/no-explicit-any
51:46  Warning: Unexpected any. Specify a different type.  @typescript-eslint/no-explicit-any
52:16  Warning: Unexpected any. Specify a different type.  @typescript-eslint/no-explicit-any
166:17  Warning: Unexpected any. Specify a different type.  @typescript-eslint/no-explicit-any

./app/api/envato/elements-download/route.ts
13:21  Warning: Unexpected any. Specify a different type.  @typescript-eslint/no-explicit-any
168:19  Warning: Unexpected any. Specify a different type.  @typescript-eslint/no-explicit-any
171:35  Warning: Unexpected any. Specify a different type.  @typescript-eslint/no-explicit-any
194:32  Warning: Unexpected any. Specify a different type.  @typescript-eslint/no-explicit-any
200:33  Warning: Unexpected any. Specify a different type.  @typescript-eslint/no-explicit-any
212:11  Error: 'email' is never reassigned. Use 'const' instead.  prefer-const
212:18  Error: 'password' is never reassigned. Use 'const' instead.  prefer-const
263:17  Warning: Unexpected any. Specify a different type.  @typescript-eslint/no-explicit-any

./app/api/envato/image-proxy/route.ts
12:21  Warning: Unexpected any. Specify a different type.  @typescript-eslint/no-explicit-any

./app/api/envato/purchases/route.ts
12:21  Warning: Unexpected any. Specify a different type.  @typescript-eslint/no-explicit-any
41:68  Warning: Unexpected any. Specify a different type.  @typescript-eslint/no-explicit-any

./app/api/envato/set-session/route.ts
22:17  Warning: Unexpected any. Specify a different type.  @typescript-eslint/no-explicit-any

./app/api/envato/status/route.ts
12:21  Warning: Unexpected any. Specify a different type.  @typescript-eslint/no-explicit-any

./app/api/generate-blog/route.ts
65:68  Warning: Unexpected any. Specify a different type.  @typescript-eslint/no-explicit-any
66:56  Warning: Unexpected any. Specify a different type.  @typescript-eslint/no-explicit-any
67:56  Warning: Unexpected any. Specify a different type.  @typescript-eslint/no-explicit-any
68:56  Warning: Unexpected any. Specify a different type.  @typescript-eslint/no-explicit-any
69:56  Warning: Unexpected any. Specify a different type.  @typescript-eslint/no-explicit-any
97:25  Warning: Unexpected any. Specify a different type.  @typescript-eslint/no-explicit-any
131:25  Warning: Unexpected any. Specify a different type.  @typescript-eslint/no-explicit-any
165:25  Warning: Unexpected any. Specify a different type.  @typescript-eslint/no-explicit-any
177:21  Warning: Unexpected any. Specify a different type.  @typescript-eslint/no-explicit-any

./app/api/images/route.ts
21:21  Warning: Unexpected any. Specify a different type.  @typescript-eslint/no-explicit-any
66:37  Warning: Unexpected any. Specify a different type.  @typescript-eslint/no-explicit-any
95:36  Warning: Unexpected any. Specify a different type.  @typescript-eslint/no-explicit-any
123:34  Warning: Unexpected any. Specify a different type.  @typescript-eslint/no-explicit-any
172:29  Warning: Unexpected any. Specify a different type.  @typescript-eslint/no-explicit-any
218:15  Warning: Unexpected any. Specify a different type.  @typescript-eslint/no-explicit-any
248:38  Warning: Unexpected any. Specify a different type.  @typescript-eslint/no-explicit-any
286:21  Warning: Unexpected any. Specify a different type.  @typescript-eslint/no-explicit-any
326:20  Warning: Unexpected any. Specify a different type.  @typescript-eslint/no-explicit-any
328:26  Warning: Unexpected any. Specify a different type.  @typescript-eslint/no-explicit-any
341:26  Warning: Unexpected any. Specify a different type.  @typescript-eslint/no-explicit-any
413:12  Warning: 'error' is defined but never used.  @typescript-eslint/no-unused-vars
419:16  Warning: 'generateGemini' is defined but never used. Allowed unused vars must match /^_/u.  @typescript-eslint/no-unused-vars
419:31  Warning: 'prompt' is defined but never used. Allowed unused args must match /^_/u.  @typescript-eslint/no-unused-vars
419:47  Warning: 'apiKey' is defined but never used. Allowed unused args must match /^_/u.  @typescript-eslint/no-unused-vars
482:12  Warning: 'error' is defined but never used.  @typescript-eslint/no-unused-vars
552:12  Warning: 'error' is defined but never used.  @typescript-eslint/no-unused-vars
625:22  Warning: Unexpected any. Specify a different type.  @typescript-eslint/no-explicit-any

./app/api/leads/route.ts
327:12  Warning: 'error' is defined but never used.  @typescript-eslint/no-unused-vars

./app/api/migrate-order/route.ts
82:19  Warning: Unexpected any. Specify a different type.  @typescript-eslint/no-explicit-any

./app/api/notion/parse-ai/route.ts
118:9  Error: 'errors' is never reassigned. Use 'const' instead.  prefer-const
144:35  Warning: Unexpected any. Specify a different type.  @typescript-eslint/no-explicit-any
147:46  Warning: Unexpected any. Specify a different type.  @typescript-eslint/no-explicit-any
224:21  Warning: Unexpected any. Specify a different type.  @typescript-eslint/no-explicit-any
240:17  Warning: Unexpected any. Specify a different type.  @typescript-eslint/no-explicit-any

./app/api/notion/sync/route.ts
41:9  Warning: 'detectedDatabases' is assigned a value but never used. Allowed unused vars must match /^_/u.  @typescript-eslint/no-unused-vars
53:26  Warning: Unexpected any. Specify a different type.  @typescript-eslint/no-explicit-any
61:17  Warning: Unexpected any. Specify a different type.  @typescript-eslint/no-explicit-any
96:20  Warning: Unexpected any. Specify a different type.  @typescript-eslint/no-explicit-any
183:21  Warning: Unexpected any. Specify a different type.  @typescript-eslint/no-explicit-any
206:17  Warning: Unexpected any. Specify a different type.  @typescript-eslint/no-explicit-any
260:21  Warning: Unexpected any. Specify a different type.  @typescript-eslint/no-explicit-any
266:17  Warning: Unexpected any. Specify a different type.  @typescript-eslint/no-explicit-any

./app/api/notion/sync-lot-payments/route.ts
3:47  Warning: 'getEstadoColor' is defined but never used. Allowed unused vars must match /^_/u.  @typescript-eslint/no-unused-vars
103:43  Warning: Unexpected any. Specify a different type.  @typescript-eslint/no-explicit-any
104:41  Warning: Unexpected any. Specify a different type.  @typescript-eslint/no-explicit-any
115:43  Warning: Unexpected any. Specify a different type.  @typescript-eslint/no-explicit-any
151:20  Warning: Unexpected any. Specify a different type.  @typescript-eslint/no-explicit-any
158:23  Warning: Unexpected any. Specify a different type.  @typescript-eslint/no-explicit-any
159:21  Warning: Unexpected any. Specify a different type.  @typescript-eslint/no-explicit-any
160:24  Warning: Unexpected any. Specify a different type.  @typescript-eslint/no-explicit-any
178:30  Warning: Unexpected any. Specify a different type.  @typescript-eslint/no-explicit-any
190:72  Warning: Unexpected any. Specify a different type.  @typescript-eslint/no-explicit-any
241:13  Warning: 'currentMonthStr' is assigned a value but never used. Allowed unused vars must match /^_/u.  @typescript-eslint/no-unused-vars
246:70  Warning: Unexpected any. Specify a different type.  @typescript-eslint/no-explicit-any
310:17  Warning: Unexpected any. Specify a different type.  @typescript-eslint/no-explicit-any

./app/api/notion/sync-receipts/route.ts
40:26  Warning: Unexpected any. Specify a different type.  @typescript-eslint/no-explicit-any
86:20  Warning: Unexpected any. Specify a different type.  @typescript-eslint/no-explicit-any
87:29  Warning: Unexpected any. Specify a different type.  @typescript-eslint/no-explicit-any
193:21  Warning: Unexpected any. Specify a different type.  @typescript-eslint/no-explicit-any
219:17  Warning: Unexpected any. Specify a different type.  @typescript-eslint/no-explicit-any
250:17  Warning: Unexpected any. Specify a different type.  @typescript-eslint/no-explicit-any

./app/api/notion/webhook/route.ts
26:11  Warning: 'body' is assigned a value but never used. Allowed unused vars must match /^_/u.  @typescript-eslint/no-unused-vars
32:23  Warning: Unexpected any. Specify a different type.  @typescript-eslint/no-explicit-any
69:21  Warning: Unexpected any. Specify a different type.  @typescript-eslint/no-explicit-any
75:17  Warning: Unexpected any. Specify a different type.  @typescript-eslint/no-explicit-any

./app/api/peru-api/route.ts
45:21  Warning: Unexpected any. Specify a different type.  @typescript-eslint/no-explicit-any

./app/api/pos-ai-suggestions/route.ts
43:44  Warning: Unexpected any. Specify a different type.  @typescript-eslint/no-explicit-any
117:21  Warning: Unexpected any. Specify a different type.  @typescript-eslint/no-explicit-any

./app/api/products/route.ts
73:43  Warning: Unexpected any. Specify a different type.  @typescript-eslint/no-explicit-any

./app/api/referidos/route.ts
248:12  Warning: 'error' is defined but never used.  @typescript-eslint/no-unused-vars

./app/api/shop/favorites/route.ts
33:47  Warning: Unexpected any. Specify a different type.  @typescript-eslint/no-explicit-any
73:50  Warning: Unexpected any. Specify a different type.  @typescript-eslint/no-explicit-any

./app/api/sync-products/route.ts
14:7  Warning: 'CATEGORY_MAP' is assigned a value but never used. Allowed unused vars must match /^_/u.  @typescript-eslint/no-unused-vars
45:28  Warning: 'request' is defined but never used. Allowed unused args must match /^_/u.  @typescript-eslint/no-unused-vars

./app/api/templates/landing/route.ts
12:27  Warning: 'request' is defined but never used. Allowed unused args must match /^_/u.  @typescript-eslint/no-unused-vars

./app/blog/articulo/[slug]/page.tsx
5:18  Warning: 'AnimatePresence' is defined but never used. Allowed unused vars must match /^_/u.  @typescript-eslint/no-unused-vars
7:17  Warning: 'CalendarIcon' is defined but never used. Allowed unused vars must match /^_/u.  @typescript-eslint/no-unused-vars
7:72  Warning: 'Bot' is defined but never used. Allowed unused vars must match /^_/u.  @typescript-eslint/no-unused-vars
8:5  Warning: 'Share2' is defined but never used. Allowed unused vars must match /^_/u.  @typescript-eslint/no-unused-vars
9:5  Warning: 'ChevronRight' is defined but never used. Allowed unused vars must match /^_/u.  @typescript-eslint/no-unused-vars
9:19  Warning: 'ShoppingBag' is defined but never used. Allowed unused vars must match /^_/u.  @typescript-eslint/no-unused-vars
9:44  Warning: 'Bookmark' is defined but never used. Allowed unused vars must match /^_/u.  @typescript-eslint/no-unused-vars
10:16  Warning: 'Globe' is defined but never used. Allowed unused vars must match /^_/u.  @typescript-eslint/no-unused-vars
10:23  Warning: 'Layout' is defined but never used. Allowed unused vars must match /^_/u.  @typescript-eslint/no-unused-vars
37:19  Warning: 'type' is assigned a value but never used. Allowed unused args must match /^_/u.  @typescript-eslint/no-unused-vars
45:91  Error: `"` can be escaped with `&quot;`, `&ldquo;`, `&#34;`, `&rdquo;`.  react/no-unescaped-entities
45:105  Error: `"` can be escaped with `&quot;`, `&ldquo;`, `&#34;`, `&rdquo;`.  react/no-unescaped-entities
57:28  Warning: 'authLoading' is assigned a value but never used. Allowed unused vars must match /^_/u.  @typescript-eslint/no-unused-vars
290:28  Warning: Unexpected any. Specify a different type.  @typescript-eslint/no-explicit-any
406:37  Warning: Using `<img>` could result in slower LCP and higher bandwidth. Consider using `<Image />` from `next/image` or a custom image loader to automatically optimize images. This may incur additional usage or cost from your provider. See: https://nextjs.org/docs/messages/no-img-element  @next/next/no-img-element
478:45  Error: `"` can be escaped with `&quot;`, `&ldquo;`, `&#34;`, `&rdquo;`.  react/no-unescaped-entities
478:63  Error: `"` can be escaped with `&quot;`, `&ldquo;`, `&#34;`, `&rdquo;`.  react/no-unescaped-entities
570:81  Warning: Using `<img>` could result in slower LCP and higher bandwidth. Consider using `<Image />` from `next/image` or a custom image loader to automatically optimize images. This may incur additional usage or cost from your provider. See: https://nextjs.org/docs/messages/no-img-element  @next/next/no-img-element
663:49  Warning: Using `<img>` could result in slower LCP and higher bandwidth. Consider using `<Image />` from `next/image` or a custom image loader to automatically optimize images. This may incur additional usage or cost from your provider. See: https://nextjs.org/docs/messages/no-img-element  @next/next/no-img-element

./app/blog/page.tsx
14:44  Warning: Unexpected any. Specify a different type.  @typescript-eslint/no-explicit-any
25:25  Warning: Unexpected any. Specify a different type.  @typescript-eslint/no-explicit-any
26:22  Warning: Unexpected any. Specify a different type.  @typescript-eslint/no-explicit-any
50:32  Warning: Unexpected any. Specify a different type.  @typescript-eslint/no-explicit-any

./app/blog/ruta/[id]/page.tsx
6:17  Warning: 'X' is defined but never used. Allowed unused vars must match /^_/u.  @typescript-eslint/no-unused-vars
6:20  Warning: 'Library' is defined but never used. Allowed unused vars must match /^_/u.  @typescript-eslint/no-unused-vars
20:56  Warning: Unexpected any. Specify a different type.  @typescript-eslint/no-explicit-any
29:47  Warning: Unexpected any. Specify a different type.  @typescript-eslint/no-explicit-any
31:21  Warning: Error: Calling setState synchronously within an effect can trigger cascading renders

Effects are intended to synchronize state between React and external systems such as manually updating the DOM, state management libraries, or other platform APIs. In general, the body of an effect should do one or both of the following:
* Update external systems with the latest state from React.
* Subscribe for updates from some external system, calling setState in a callback function when external state changes.

Calling setState synchronously within an effect body causes cascading renders that can hurt performance, and is not recommended. (https://react.dev/learn/you-might-not-need-an-effect).

C:\Users\kevin\.gemini\antigravity\scratch\blis-corp\app\blog\ruta\[id]\page.tsx:31:21
  29 |                 const found = routes.find((r: any) => r.id === routeId);
  30 |                 if (found) {
> 31 |                     setSelectedRoute(found);
     |                     ^^^^^^^^^^^^^^^^ Avoid calling setState() directly within an effect
  32 |                 } else {
  33 |                     router.push("/blog");
  34 |                 }  react-hooks/set-state-in-effect
39:8  Warning: React Hook useEffect has a missing dependency: 'router'. Either include it or remove the dependency array.  react-hooks/exhaustive-deps
72:47  Warning: Unexpected any. Specify a different type.  @typescript-eslint/no-explicit-any
76:68  Warning: Unexpected any. Specify a different type.  @typescript-eslint/no-explicit-any

./app/cursos/page.tsx
6:20  Warning: 'Clock' is defined but never used. Allowed unused vars must match /^_/u.  @typescript-eslint/no-unused-vars
6:27  Warning: 'Award' is defined but never used. Allowed unused vars must match /^_/u.  @typescript-eslint/no-unused-vars
12:11  Warning: 'Curso' is defined but never used. Allowed unused vars must match /^_/u.  @typescript-eslint/no-unused-vars

./app/cursos/[slug]/page.tsx
6:20  Warning: 'Clock' is defined but never used. Allowed unused vars must match /^_/u.  @typescript-eslint/no-unused-vars
8:32  Warning: 'ChevronRight' is defined but never used. Allowed unused vars must match /^_/u.  @typescript-eslint/no-unused-vars
35:36  Warning: 'updateProgress' is assigned a value but never used. Allowed unused vars must match /^_/u.  @typescript-eslint/no-unused-vars
48:13  Warning: Error: Calling setState synchronously within an effect can trigger cascading renders

Effects are intended to synchronize state between React and external systems such as manually updating the DOM, state management libraries, or other platform APIs. In general, the body of an effect should do one or both of the following:
* Update external systems with the latest state from React.
* Subscribe for updates from some external system, calling setState in a callback function when external state changes.

Calling setState synchronously within an effect body causes cascading renders that can hurt performance, and is not recommended. (https://react.dev/learn/you-might-not-need-an-effect).

C:\Users\kevin\.gemini\antigravity\scratch\blis-corp\app\cursos\[slug]\page.tsx:48:13
  46 |         const modulos = curso?.modulos as Module[] | undefined;
  47 |         if (modulos && modulos.length > 0 && !activeModule) {
> 48 |             setActiveModule(modulos[0].id);
     |             ^^^^^^^^^^^^^^^ Avoid calling setState() directly within an effect
  49 |             if (modulos[0].lessons?.length > 0) {
  50 |                 setActiveLesson(modulos[0].lessons[0]);
  51 |             }  react-hooks/set-state-in-effect

./app/embudo/[slug]/page.tsx
30:13  Error: Do not use an `<a>` element to navigate to `/`. Use `<Link />` from `next/link` instead. See: https://nextjs.org/docs/messages/no-html-link-for-pages  @next/next/no-html-link-for-pages

./app/formulario/[slug]/page.tsx
30:13  Error: Do not use an `<a>` element to navigate to `/`. Use `<Link />` from `next/link` instead. See: https://nextjs.org/docs/messages/no-html-link-for-pages  @next/next/no-html-link-for-pages

./app/gracias/page.tsx
27:13  Error: Do not use an `<a>` element to navigate to `/`. Use `<Link />` from `next/link` instead. See: https://nextjs.org/docs/messages/no-html-link-for-pages  @next/next/no-html-link-for-pages

./app/miembros/academia/page.tsx
61:54  Warning: Unexpected any. Specify a different type.  @typescript-eslint/no-explicit-any

./app/miembros/biblioteca/page.tsx
12:5  Warning: 'Bookmark' is defined but never used. Allowed unused vars must match /^_/u.  @typescript-eslint/no-unused-vars
14:5  Warning: 'ArrowUpRight' is defined but never used. Allowed unused vars must match /^_/u.  @typescript-eslint/no-unused-vars
139:7  Warning: 'AUTHORS' is assigned a value but never used. Allowed unused vars must match /^_/u.  @typescript-eslint/no-unused-vars
143:7  Warning: 'CATEGORIES' is assigned a value but never used. Allowed unused vars must match /^_/u.  @typescript-eslint/no-unused-vars
148:7  Warning: 'isFuzzyMatch' is assigned a value but never used. Allowed unused vars must match /^_/u.  @typescript-eslint/no-unused-vars
157:14  Error: 'char' is never reassigned. Use 'const' instead.  prefer-const
167:65  Warning: Unexpected any. Specify a different type.  @typescript-eslint/no-explicit-any
230:20  Warning: Error: Calling setState synchronously within an effect can trigger cascading renders

Effects are intended to synchronize state between React and external systems such as manually updating the DOM, state management libraries, or other platform APIs. In general, the body of an effect should do one or both of the following:
* Update external systems with the latest state from React.
* Subscribe for updates from some external system, calling setState in a callback function when external state changes.

Calling setState synchronously within an effect body causes cascading renders that can hurt performance, and is not recommended. (https://react.dev/learn/you-might-not-need-an-effect).

C:\Users\kevin\.gemini\antigravity\scratch\blis-corp\app\miembros\biblioteca\page.tsx:230:20
  228 |     useEffect(() => {
  229 |         const saved = localStorage.getItem("blis_saved_ebooks");
> 230 |         if (saved) setSavedIds(JSON.parse(saved));
      |                    ^^^^^^^^^^^ Avoid calling setState() directly within an effect
  231 |     }, []);
  232 |
  233 |     const toggleSave = (id: string) => {  react-hooks/set-state-in-effect

./app/miembros/facturacion/page.tsx
3:10  Warning: 'motion' is defined but never used. Allowed unused vars must match /^_/u.  @typescript-eslint/no-unused-vars
4:22  Warning: 'DollarSign' is defined but never used. Allowed unused vars must match /^_/u.  @typescript-eslint/no-unused-vars
4:44  Warning: 'Clock' is defined but never used. Allowed unused vars must match /^_/u.  @typescript-eslint/no-unused-vars

./app/miembros/layout.tsx
4:10  Warning: 'MiembrosHeader' is defined but never used. Allowed unused vars must match /^_/u.  @typescript-eslint/no-unused-vars

./app/miembros/perfil/page.tsx
4:95  Warning: 'RotateCcw' is defined but never used. Allowed unused vars must match /^_/u.  @typescript-eslint/no-unused-vars
4:106  Warning: 'ZoomIn' is defined but never used. Allowed unused vars must match /^_/u.  @typescript-eslint/no-unused-vars
4:114  Warning: 'ZoomOut' is defined but never used. Allowed unused vars must match /^_/u.  @typescript-eslint/no-unused-vars
10:10  Warning: 'useReferrals' is defined but never used. Allowed unused vars must match /^_/u.  @typescript-eslint/no-unused-vars
207:25  Warning: Using `<img>` could result in slower LCP and higher bandwidth. Consider using `<Image />` from `next/image` or a custom image loader to automatically optimize images. This may incur additional usage or cost from your provider. See: https://nextjs.org/docs/messages/no-img-element  @next/next/no-img-element
213:36  Error: Error: Cannot access refs during render

React refs are values that are not needed for rendering. Refs should only be accessed outside of render, such as in event handlers or effects. Accessing a ref value (the `current` property) during render can cause your component not to update as expected (https://react.dev/reference/react/useRef).

C:\Users\kevin\.gemini\antigravity\scratch\blis-corp\app\miembros\perfil\page.tsx:213:36
  211 |                             alt="Crop"
  212 |                             className="max-w-none select-none pointer-events-none"
> 213 |                             style={{
      |                                    ^
> 214 |                                 transform: `translate(${position.x}px, ${position.y}px) rotate(${rotation}deg) scale(${zoom * flipX}, ${zoom})`,
      | ^^^^^^^^^^^^^^^^^^^^^^^^^^^^^^^^^^^^^^^^^^^^^^^^^^^^^^^^^^^^^^^^^^^^^^^^^^^^^^^^^^^^^^^^^^^^^^^^^^^^^^^^^^^^^^^^^^^^^^^^^^^^^^^^^^^^^^^^^^^^^^^^
> 215 |                                 transformOrigin: "center center",
      | ^^^^^^^^^^^^^^^^^^^^^^^^^^^^^^^^^^^^^^^^^^^^^^^^^^^^^^^^^^^^^^^^^^^^^^^^^^^^^^^^^^^^^^^^^^^^^^^^^^^^^^^^^^^^^^^^^^^^^^^^^^^^^^^^^^^^^^^^^^^^^^^^
> 216 |                                 width: imageRef.current?.naturalWidth || 'auto',
      | ^^^^^^^^^^^^^^^^^^^^^^^^^^^^^^^^^^^^^^^^^^^^^^^^^^^^^^^^^^^^^^^^^^^^^^^^^^^^^^^^^^^^^^^^^^^^^^^^^^^^^^^^^^^^^^^^^^^^^^^^^^^^^^^^^^^^^^^^^^^^^^^^
> 217 |                                 height: imageRef.current?.naturalHeight || 'auto',
      | ^^^^^^^^^^^^^^^^^^^^^^^^^^^^^^^^^^^^^^^^^^^^^^^^^^^^^^^^^^^^^^^^^^^^^^^^^^^^^^^^^^^^^^^^^^^^^^^^^^^^^^^^^^^^^^^^^^^^^^^^^^^^^^^^^^^^^^^^^^^^^^^^
> 218 |                                 position: 'absolute',
      | ^^^^^^^^^^^^^^^^^^^^^^^^^^^^^^^^^^^^^^^^^^^^^^^^^^^^^^^^^^^^^^^^^^^^^^^^^^^^^^^^^^^^^^^^^^^^^^^^^^^^^^^^^^^^^^^^^^^^^^^^^^^^^^^^^^^^^^^^^^^^^^^^
> 219 |                                 left: -(imageRef.current?.naturalWidth || 0) / 2,
      | ^^^^^^^^^^^^^^^^^^^^^^^^^^^^^^^^^^^^^^^^^^^^^^^^^^^^^^^^^^^^^^^^^^^^^^^^^^^^^^^^^^^^^^^^^^^^^^^^^^^^^^^^^^^^^^^^^^^^^^^^^^^^^^^^^^^^^^^^^^^^^^^^
> 220 |                                 top: -(imageRef.current?.naturalHeight || 0) / 2
      | ^^^^^^^^^^^^^^^^^^^^^^^^^^^^^^^^^^^^^^^^^^^^^^^^^^^^^^^^^^^^^^^^^^^^^^^^^^^^^^^^^^^^^^^^^^^^^^^^^^^^^^^^^^^^^^^^^^^^^^^^^^^^^^^^^^^^^^^^^^^^^^^^
> 221 |                             }}
      | ^^^^^^^^^^^^^^^^^^^^^^^^^^^^^^ Cannot access ref value during render
  222 |                         />
  223 |
  224 |                         {/* Control Handles in 4 Corners */}  react-hooks/refs
216:40  Error: Error: Cannot access refs during render

React refs are values that are not needed for rendering. Refs should only be accessed outside of render, such as in event handlers or effects. Accessing a ref value (the `current` property) during render can cause your component not to update as expected (https://react.dev/reference/react/useRef).

C:\Users\kevin\.gemini\antigravity\scratch\blis-corp\app\miembros\perfil\page.tsx:216:40
  214 |                                 transform: `translate(${position.x}px, ${position.y}px) rotate(${rotation}deg) scale(${zoom * flipX}, ${zoom})`,
  215 |                                 transformOrigin: "center center",
> 216 |                                 width: imageRef.current?.naturalWidth || 'auto',
      |                                        ^^^^^^^^^^^^^^^^ Cannot access ref value during render
  217 |                                 height: imageRef.current?.naturalHeight || 'auto',
  218 |                                 position: 'absolute',
  219 |                                 left: -(imageRef.current?.naturalWidth || 0) / 2,  react-hooks/refs
216:40  Error: Error: Cannot access refs during render

React refs are values that are not needed for rendering. Refs should only be accessed outside of render, such as in event handlers or effects. Accessing a ref value (the `current` property) during render can cause your component not to update as expected (https://react.dev/reference/react/useRef).

C:\Users\kevin\.gemini\antigravity\scratch\blis-corp\app\miembros\perfil\page.tsx:216:40
  214 |                                 transform: `translate(${position.x}px, ${position.y}px) rotate(${rotation}deg) scale(${zoom * flipX}, ${zoom})`,
  215 |                                 transformOrigin: "center center",
> 216 |                                 width: imageRef.current?.naturalWidth || 'auto',
      |                                        ^^^^^^^^^^^^^^^^^^^^^^^^^^^^^^ Cannot access ref value during render
  217 |                                 height: imageRef.current?.naturalHeight || 'auto',
  218 |                                 position: 'absolute',
  219 |                                 left: -(imageRef.current?.naturalWidth || 0) / 2,  react-hooks/refs
216:40  Error: Error: Cannot access refs during render

React refs are values that are not needed for rendering. Refs should only be accessed outside of render, such as in event handlers or effects. Accessing a ref value (the `current` property) during render can cause your component not to update as expected (https://react.dev/reference/react/useRef).

C:\Users\kevin\.gemini\antigravity\scratch\blis-corp\app\miembros\perfil\page.tsx:216:40
  214 |                                 transform: `translate(${position.x}px, ${position.y}px) rotate(${rotation}deg) scale(${zoom * flipX}, ${zoom})`,
  215 |                                 transformOrigin: "center center",
> 216 |                                 width: imageRef.current?.naturalWidth || 'auto',
      |                                        ^^^^^^^^^^^^^^^^^^^^^^^^^^^^^^^^^^^^^^^^ Cannot access ref value during render
  217 |                                 height: imageRef.current?.naturalHeight || 'auto',
  218 |                                 position: 'absolute',
  219 |                                 left: -(imageRef.current?.naturalWidth || 0) / 2,  react-hooks/refs
217:41  Error: Error: Cannot access refs during render

React refs are values that are not needed for rendering. Refs should only be accessed outside of render, such as in event handlers or effects. Accessing a ref value (the `current` property) during render can cause your component not to update as expected (https://react.dev/reference/react/useRef).

C:\Users\kevin\.gemini\antigravity\scratch\blis-corp\app\miembros\perfil\page.tsx:217:41
  215 |                                 transformOrigin: "center center",
  216 |                                 width: imageRef.current?.naturalWidth || 'auto',
> 217 |                                 height: imageRef.current?.naturalHeight || 'auto',
      |                                         ^^^^^^^^^^^^^^^^ Cannot access ref value during render
  218 |                                 position: 'absolute',
  219 |                                 left: -(imageRef.current?.naturalWidth || 0) / 2,
  220 |                                 top: -(imageRef.current?.naturalHeight || 0) / 2  react-hooks/refs
217:41  Error: Error: Cannot access refs during render

React refs are values that are not needed for rendering. Refs should only be accessed outside of render, such as in event handlers or effects. Accessing a ref value (the `current` property) during render can cause your component not to update as expected (https://react.dev/reference/react/useRef).

C:\Users\kevin\.gemini\antigravity\scratch\blis-corp\app\miembros\perfil\page.tsx:217:41
  215 |                                 transformOrigin: "center center",
  216 |                                 width: imageRef.current?.naturalWidth || 'auto',
> 217 |                                 height: imageRef.current?.naturalHeight || 'auto',
      |                                         ^^^^^^^^^^^^^^^^^^^^^^^^^^^^^^^ Cannot access ref value during render
  218 |                                 position: 'absolute',
  219 |                                 left: -(imageRef.current?.naturalWidth || 0) / 2,
  220 |                                 top: -(imageRef.current?.naturalHeight || 0) / 2  react-hooks/refs
217:41  Error: Error: Cannot access refs during render

React refs are values that are not needed for rendering. Refs should only be accessed outside of render, such as in event handlers or effects. Accessing a ref value (the `current` property) during render can cause your component not to update as expected (https://react.dev/reference/react/useRef).

C:\Users\kevin\.gemini\antigravity\scratch\blis-corp\app\miembros\perfil\page.tsx:217:41
  215 |                                 transformOrigin: "center center",
  216 |                                 width: imageRef.current?.naturalWidth || 'auto',
> 217 |                                 height: imageRef.current?.naturalHeight || 'auto',
      |                                         ^^^^^^^^^^^^^^^^^^^^^^^^^^^^^^^^^^^^^^^^^ Cannot access ref value during render
  218 |                                 position: 'absolute',
  219 |                                 left: -(imageRef.current?.naturalWidth || 0) / 2,
  220 |                                 top: -(imageRef.current?.naturalHeight || 0) / 2  react-hooks/refs
219:41  Error: Error: Cannot access refs during render

React refs are values that are not needed for rendering. Refs should only be accessed outside of render, such as in event handlers or effects. Accessing a ref value (the `current` property) during render can cause your component not to update as expected (https://react.dev/reference/react/useRef).

C:\Users\kevin\.gemini\antigravity\scratch\blis-corp\app\miembros\perfil\page.tsx:219:41
  217 |                                 height: imageRef.current?.naturalHeight || 'auto',
  218 |                                 position: 'absolute',
> 219 |                                 left: -(imageRef.current?.naturalWidth || 0) / 2,
      |                                         ^^^^^^^^^^^^^^^^ Cannot access ref value during render
  220 |                                 top: -(imageRef.current?.naturalHeight || 0) / 2
  221 |                             }}
  222 |                         />  react-hooks/refs
219:41  Error: Error: Cannot access refs during render

React refs are values that are not needed for rendering. Refs should only be accessed outside of render, such as in event handlers or effects. Accessing a ref value (the `current` property) during render can cause your component not to update as expected (https://react.dev/reference/react/useRef).

C:\Users\kevin\.gemini\antigravity\scratch\blis-corp\app\miembros\perfil\page.tsx:219:41
  217 |                                 height: imageRef.current?.naturalHeight || 'auto',
  218 |                                 position: 'absolute',
> 219 |                                 left: -(imageRef.current?.naturalWidth || 0) / 2,
      |                                         ^^^^^^^^^^^^^^^^^^^^^^^^^^^^^^ Cannot access ref value during render
  220 |                                 top: -(imageRef.current?.naturalHeight || 0) / 2
  221 |                             }}
  222 |                         />  react-hooks/refs
219:41  Error: Error: Cannot access refs during render

React refs are values that are not needed for rendering. Refs should only be accessed outside of render, such as in event handlers or effects. Accessing a ref value (the `current` property) during render can cause your component not to update as expected (https://react.dev/reference/react/useRef).

C:\Users\kevin\.gemini\antigravity\scratch\blis-corp\app\miembros\perfil\page.tsx:219:41
  217 |                                 height: imageRef.current?.naturalHeight || 'auto',
  218 |                                 position: 'absolute',
> 219 |                                 left: -(imageRef.current?.naturalWidth || 0) / 2,
      |                                         ^^^^^^^^^^^^^^^^^^^^^^^^^^^^^^^^^^^ Cannot access ref value during render
  220 |                                 top: -(imageRef.current?.naturalHeight || 0) / 2
  221 |                             }}
  222 |                         />  react-hooks/refs
220:40  Error: Error: Cannot access refs during render

React refs are values that are not needed for rendering. Refs should only be accessed outside of render, such as in event handlers or effects. Accessing a ref value (the `current` property) during render can cause your component not to update as expected (https://react.dev/reference/react/useRef).

C:\Users\kevin\.gemini\antigravity\scratch\blis-corp\app\miembros\perfil\page.tsx:220:40
  218 |                                 position: 'absolute',
  219 |                                 left: -(imageRef.current?.naturalWidth || 0) / 2,
> 220 |                                 top: -(imageRef.current?.naturalHeight || 0) / 2
      |                                        ^^^^^^^^^^^^^^^^ Cannot access ref value during render
  221 |                             }}
  222 |                         />
  223 |  react-hooks/refs
220:40  Error: Error: Cannot access refs during render

React refs are values that are not needed for rendering. Refs should only be accessed outside of render, such as in event handlers or effects. Accessing a ref value (the `current` property) during render can cause your component not to update as expected (https://react.dev/reference/react/useRef).

C:\Users\kevin\.gemini\antigravity\scratch\blis-corp\app\miembros\perfil\page.tsx:220:40
  218 |                                 position: 'absolute',
  219 |                                 left: -(imageRef.current?.naturalWidth || 0) / 2,
> 220 |                                 top: -(imageRef.current?.naturalHeight || 0) / 2
      |                                        ^^^^^^^^^^^^^^^^^^^^^^^^^^^^^^^ Cannot access ref value during render
  221 |                             }}
  222 |                         />
  223 |  react-hooks/refs
220:40  Error: Error: Cannot access refs during render

React refs are values that are not needed for rendering. Refs should only be accessed outside of render, such as in event handlers or effects. Accessing a ref value (the `current` property) during render can cause your component not to update as expected (https://react.dev/reference/react/useRef).

C:\Users\kevin\.gemini\antigravity\scratch\blis-corp\app\miembros\perfil\page.tsx:220:40
  218 |                                 position: 'absolute',
  219 |                                 left: -(imageRef.current?.naturalWidth || 0) / 2,
> 220 |                                 top: -(imageRef.current?.naturalHeight || 0) / 2
      |                                        ^^^^^^^^^^^^^^^^^^^^^^^^^^^^^^^^^^^^ Cannot access ref value during render
  221 |                             }}
  222 |                         />
  223 |  react-hooks/refs
230:31  Error: Error: Cannot access refs during render

React refs are values that are not needed for rendering. Refs should only be accessed outside of render, such as in event handlers or effects. Accessing a ref value (the `current` property) during render can cause your component not to update as expected (https://react.dev/reference/react/useRef).

C:\Users\kevin\.gemini\antigravity\scratch\blis-corp\app\miembros\perfil\page.tsx:230:31
  228 |                             { x: 1, y: -1 },   // Top Right
  229 |                             { x: -1, y: -1 }   // Top Left
> 230 |                         ].map((handle, i) => (
      |                               ^^^^^^^^^^^^^^^^
> 231 |                             <div
      | ^^^^^^^^^^^^^^^^^^^^^^^^^^^^^^^^
> 232 |                                 key={i}
      ÔÇª
      | ^^^^^^^^^^^^^^^^^^^^^^^^^^^^^^^^
> 243 |                             </div>
      | ^^^^^^^^^^^^^^^^^^^^^^^^^^^^^^^^
> 244 |                         ))}
      | ^^^^^^^^^^^^^^^^^^^^^^^^^^ Cannot access ref value during render
  245 |                     </div>
  246 |
  247 |                     {/* Mask Overlay */}  react-hooks/refs
316:28  Warning: Error: Calling setState synchronously within an effect can trigger cascading renders

Effects are intended to synchronize state between React and external systems such as manually updating the DOM, state management libraries, or other platform APIs. In general, the body of an effect should do one or both of the following:
* Update external systems with the latest state from React.
* Subscribe for updates from some external system, calling setState in a callback function when external state changes.

Calling setState synchronously within an effect body causes cascading renders that can hurt performance, and is not recommended. (https://react.dev/learn/you-might-not-need-an-effect).

C:\Users\kevin\.gemini\antigravity\scratch\blis-corp\app\miembros\perfil\page.tsx:316:28
  314 |     useEffect(() => {
  315 |         if (user) {
> 316 |             if (user.name) setName(user.name);
      |                            ^^^^^^^ Avoid calling setState() directly within an effect
  317 |             if (user.email) setEmail(user.email);
  318 |             if (user.profilePic) setProfilePic(user.profilePic);
  319 |         }  react-hooks/set-state-in-effect
353:29  Warning: Using `<img>` could result in slower LCP and higher bandwidth. Consider using `<Image />` from `next/image` or a custom image loader to automatically optimize images. This may incur additional usage or cost from your provider. See: https://nextjs.org/docs/messages/no-img-element  @next/next/no-img-element

./app/miembros/productos/page.tsx
4:53  Warning: 'Zap' is defined but never used. Allowed unused vars must match /^_/u.  @typescript-eslint/no-unused-vars

./app/proyectos/[id]/page.tsx
10:3  Warning: 'Loader2' is defined but never used. Allowed unused vars must match /^_/u.  @typescript-eslint/no-unused-vars
10:25  Warning: 'Share2' is defined but never used. Allowed unused vars must match /^_/u.  @typescript-eslint/no-unused-vars

./app/superadmin/dashboard/page.tsx
5:22  Warning: 'DollarSign' is defined but never used. Allowed unused vars must match /^_/u.  @typescript-eslint/no-unused-vars
5:34  Warning: 'PieChart' is defined but never used. Allowed unused vars must match /^_/u.  @typescript-eslint/no-unused-vars
6:37  Warning: 'ChevronRight' is defined but never used. Allowed unused vars must match /^_/u.  @typescript-eslint/no-unused-vars
11:10  Warning: 'motion' is defined but never used. Allowed unused vars must match /^_/u.  @typescript-eslint/no-unused-vars
17:38  Warning: Unexpected any. Specify a different type.  @typescript-eslint/no-explicit-any
32:23  Warning: Error: Calling setState synchronously within an effect can trigger cascading renders

Effects are intended to synchronize state between React and external systems such as manually updating the DOM, state management libraries, or other platform APIs. In general, the body of an effect should do one or both of the following:
* Update external systems with the latest state from React.
* Subscribe for updates from some external system, calling setState in a callback function when external state changes.

Calling setState synchronously within an effect body causes cascading renders that can hurt performance, and is not recommended. (https://react.dev/learn/you-might-not-need-an-effect).

C:\Users\kevin\.gemini\antigravity\scratch\blis-corp\app\superadmin\dashboard\page.tsx:32:23
  30 |     };
  31 |
> 32 |     useEffect(() => { fetchData(); }, []);
     |                       ^^^^^^^^^ Avoid calling setState() directly within an effect
  33 |
  34 |     const stats = useMemo(() => {
  35 |         const totalVentas = data.reduce((s, i) => s + (Number(i.total_price) || 0), 0);  react-hooks/set-state-in-effect
162:27  Warning: Unexpected any. Specify a different type.  @typescript-eslint/no-explicit-any

./app/superadmin/page.tsx
1:20  Warning: 'Users' is defined but never used. Allowed unused vars must match /^_/u.  @typescript-eslint/no-unused-vars
1:27  Warning: 'Eye' is defined but never used. Allowed unused vars must match /^_/u.  @typescript-eslint/no-unused-vars
1:44  Warning: 'ShieldCheck' is defined but never used. Allowed unused vars must match /^_/u.  @typescript-eslint/no-unused-vars

./app/tienda/checkout/page.tsx
6:5  Warning: 'ShoppingCart' is defined but never used. Allowed unused vars must match /^_/u.  @typescript-eslint/no-unused-vars
6:38  Warning: 'MapPin' is defined but never used. Allowed unused vars must match /^_/u.  @typescript-eslint/no-unused-vars
63:67  Warning: Unexpected any. Specify a different type.  @typescript-eslint/no-explicit-any
124:65  Warning: Unexpected any. Specify a different type.  @typescript-eslint/no-explicit-any
425:45  Warning: Using `<img>` could result in slower LCP and higher bandwidth. Consider using `<Image />` from `next/image` or a custom image loader to automatically optimize images. This may incur additional usage or cost from your provider. See: https://nextjs.org/docs/messages/no-img-element  @next/next/no-img-element
430:126  Warning: Unexpected any. Specify a different type.  @typescript-eslint/no-explicit-any
434:54  Warning: Unexpected any. Specify a different type.  @typescript-eslint/no-explicit-any
436:55  Warning: Unexpected any. Specify a different type.  @typescript-eslint/no-explicit-any

./app/tienda/login/page.tsx
54:21  Error: 'currentCoins' is never reassigned. Use 'const' instead.  prefer-const
62:51  Warning: Unexpected any. Specify a different type.  @typescript-eslint/no-explicit-any

./app/tienda/page.tsx
23:31  Warning: 'useCallback' is defined but never used. Allowed unused vars must match /^_/u.  @typescript-eslint/no-unused-vars
67:25  Warning: Unexpected any. Specify a different type.  @typescript-eslint/no-explicit-any
68:22  Warning: Unexpected any. Specify a different type.  @typescript-eslint/no-explicit-any

./app/tienda/producto/[id]/page.tsx
3:31  Warning: 'useMemo' is defined but never used. Allowed unused vars must match /^_/u.  @typescript-eslint/no-unused-vars
6:38  Warning: 'ChevronLeft' is defined but never used. Allowed unused vars must match /^_/u.  @typescript-eslint/no-unused-vars
6:51  Warning: 'ChevronRight' is defined but never used. Allowed unused vars must match /^_/u.  @typescript-eslint/no-unused-vars
7:33  Warning: 'Truck' is defined but never used. Allowed unused vars must match /^_/u.  @typescript-eslint/no-unused-vars
7:40  Warning: 'RotateCcw' is defined but never used. Allowed unused vars must match /^_/u.  @typescript-eslint/no-unused-vars
8:5  Warning: 'MessageCircle' is defined but never used. Allowed unused vars must match /^_/u.  @typescript-eslint/no-unused-vars
8:27  Warning: 'Eye' is defined but never used. Allowed unused vars must match /^_/u.  @typescript-eslint/no-unused-vars
8:44  Warning: 'Layers' is defined but never used. Allowed unused vars must match /^_/u.  @typescript-eslint/no-unused-vars
8:52  Warning: 'Info' is defined but never used. Allowed unused vars must match /^_/u.  @typescript-eslint/no-unused-vars
8:58  Warning: 'X' is defined but never used. Allowed unused vars must match /^_/u.  @typescript-eslint/no-unused-vars
11:8  Warning: 'Link' is defined but never used. Allowed unused vars must match /^_/u.  @typescript-eslint/no-unused-vars
18:23  Warning: 'Producto' is defined but never used. Allowed unused vars must match /^_/u.  @typescript-eslint/no-unused-vars
99:7  Warning: 'TestimonialSlider' is assigned a value but never used. Allowed unused vars must match /^_/u.  @typescript-eslint/no-unused-vars
127:8  Warning: React Hook useEffect has a missing dependency: 'testimonials.length'. Either include it or remove the dependency array.  react-hooks/exhaustive-deps
151:97  Error: `"` can be escaped with `&quot;`, `&ldquo;`, `&#34;`, `&rdquo;`.  react/no-unescaped-entities
151:126  Error: `"` can be escaped with `&quot;`, `&ldquo;`, `&#34;`, `&rdquo;`.  react/no-unescaped-entities
174:8  Warning: React Hook useEffect has missing dependencies: 'locations' and 'names'. Either include them or remove the dependency array.  react-hooks/exhaustive-deps
209:33  Warning: 'loading' is assigned a value but never used. Allowed unused vars must match /^_/u.  @typescript-eslint/no-unused-vars
212:22  Warning: 'setQuantity' is assigned a value but never used. Allowed unused vars must match /^_/u.  @typescript-eslint/no-unused-vars
213:12  Warning: 'scrolled' is assigned a value but never used. Allowed unused vars must match /^_/u.  @typescript-eslint/no-unused-vars
237:9  Warning: Error: Calling setState synchronously within an effect can trigger cascading renders

Effects are intended to synchronize state between React and external systems such as manually updating the DOM, state management libraries, or other platform APIs. In general, the body of an effect should do one or both of the following:
* Update external systems with the latest state from React.
* Subscribe for updates from some external system, calling setState in a callback function when external state changes.

Calling setState synchronously within an effect body causes cascading renders that can hurt performance, and is not recommended. (https://react.dev/learn/you-might-not-need-an-effect).

C:\Users\kevin\.gemini\antigravity\scratch\blis-corp\app\tienda\producto\[id]\page.tsx:237:9
  235 |         
  236 |         loadProduct();
> 237 |         setMemberCount(Math.floor(Math.random() * 5000) + 2000);
      |         ^^^^^^^^^^^^^^ Avoid calling setState() directly within an effect
  238 |     }, [id, fetchProductBySlug]);
  239 |
  240 |     useEffect(() => {  react-hooks/set-state-in-effect
340:41  Warning: Using `<img>` could result in slower LCP and higher bandwidth. Consider using `<Image />` from `next/image` or a custom image loader to automatically optimize images. This may incur additional usage or cost from your provider. See: https://nextjs.org/docs/messages/no-img-element  @next/next/no-img-element
404:61  Warning: Unexpected any. Specify a different type.  @typescript-eslint/no-explicit-any
418:97  Error: `"` can be escaped with `&quot;`, `&ldquo;`, `&#34;`, `&rdquo;`.  react/no-unescaped-entities
418:114  Error: `"` can be escaped with `&quot;`, `&ldquo;`, `&#34;`, `&rdquo;`.  react/no-unescaped-entities

./app/verificar/page.tsx
4:37  Warning: 'QrCode' is defined but never used. Allowed unused vars must match /^_/u.  @typescript-eslint/no-unused-vars
4:45  Warning: 'Award' is defined but never used. Allowed unused vars must match /^_/u.  @typescript-eslint/no-unused-vars
4:52  Warning: 'ExternalLink' is defined but never used. Allowed unused vars must match /^_/u.  @typescript-eslint/no-unused-vars
4:66  Warning: 'ArrowRight' is defined but never used. Allowed unused vars must match /^_/u.  @typescript-eslint/no-unused-vars
4:94  Warning: 'Calendar' is defined but never used. Allowed unused vars must match /^_/u.  @typescript-eslint/no-unused-vars
4:104  Warning: 'MapPin' is defined but never used. Allowed unused vars must match /^_/u.  @typescript-eslint/no-unused-vars
6:10  Warning: 'useParams' is defined but never used. Allowed unused vars must match /^_/u.  @typescript-eslint/no-unused-vars
13:22  Warning: 'setCertData' is assigned a value but never used. Allowed unused vars must match /^_/u.  @typescript-eslint/no-unused-vars

./components/admin/AdminLayout.tsx
9:46  Warning: 'Search' is defined but never used. Allowed unused vars must match /^_/u.  @typescript-eslint/no-unused-vars
10:5  Warning: 'TrendingUp' is defined but never used. Allowed unused vars must match /^_/u.  @typescript-eslint/no-unused-vars
10:31  Warning: 'Coins' is defined but never used. Allowed unused vars must match /^_/u.  @typescript-eslint/no-unused-vars

./components/auth/AuthModal.tsx
4:62  Warning: 'Github' is defined but never used. Allowed unused vars must match /^_/u.  @typescript-eslint/no-unused-vars

./components/certificados/CertificateDocument.tsx
233:11  Warning: Image elements must have an alt prop, either with meaningful text, or an empty string for decorative images.  jsx-a11y/alt-text
244:11  Warning: Image elements must have an alt prop, either with meaningful text, or an empty string for decorative images.  jsx-a11y/alt-text
275:13  Warning: Image elements must have an alt prop, either with meaningful text, or an empty string for decorative images.  jsx-a11y/alt-text

./components/editor/ImageUpload.tsx
90:15  Warning: Using `<img>` could result in slower LCP and higher bandwidth. Consider using `<Image />` from `next/image` or a custom image loader to automatically optimize images. This may incur additional usage or cost from your provider. See: https://nextjs.org/docs/messages/no-img-element  @next/next/no-img-element
148:13  Warning: Using `<img>` could result in slower LCP and higher bandwidth. Consider using `<Image />` from `next/image` or a custom image loader to automatically optimize images. This may incur additional usage or cost from your provider. See: https://nextjs.org/docs/messages/no-img-element  @next/next/no-img-element

./components/editor/MapPointEditor.tsx
4:10  Warning: 'Move' is defined but never used. Allowed unused vars must match /^_/u.  @typescript-eslint/no-unused-vars
4:81  Warning: 'MapPin' is defined but never used. Allowed unused vars must match /^_/u.  @typescript-eslint/no-unused-vars
146:15  Warning: Using `<img>` could result in slower LCP and higher bandwidth. Consider using `<Image />` from `next/image` or a custom image loader to automatically optimize images. This may incur additional usage or cost from your provider. See: https://nextjs.org/docs/messages/no-img-element  @next/next/no-img-element

./components/layout/DynamicSections.tsx
51:41  Warning: Unexpected any. Specify a different type.  @typescript-eslint/no-explicit-any

./components/miembros/MiembrosHeader.tsx
4:10  Warning: 'motion' is defined but never used. Allowed unused vars must match /^_/u.  @typescript-eslint/no-unused-vars
56:37  Warning: Using `<img>` could result in slower LCP and higher bandwidth. Consider using `<Image />` from `next/image` or a custom image loader to automatically optimize images. This may incur additional usage or cost from your provider. See: https://nextjs.org/docs/messages/no-img-element  @next/next/no-img-element

./components/miembros/MiembrosSidebar.tsx
17:5  Warning: 'Menu' is defined but never used. Allowed unused vars must match /^_/u.  @typescript-eslint/no-unused-vars
18:5  Warning: 'X' is defined but never used. Allowed unused vars must match /^_/u.  @typescript-eslint/no-unused-vars
19:5  Warning: 'Award' is defined but never used. Allowed unused vars must match /^_/u.  @typescript-eslint/no-unused-vars

./components/profile/ReferralPanel.tsx
6:11  Warning: 'Share2' is defined but never used. Allowed unused vars must match /^_/u.  @typescript-eslint/no-unused-vars
65:30  Error: React Hook "useReferralCode" is called in function "handleApplyCode" that is neither a React function component nor a custom React Hook function. React component names must start with an uppercase letter. React Hook names must start with the word "use".  react-hooks/rules-of-hooks
225:49  Warning: Using `<img>` could result in slower LCP and higher bandwidth. Consider using `<Image />` from `next/image` or a custom image loader to automatically optimize images. This may incur additional usage or cost from your provider. See: https://nextjs.org/docs/messages/no-img-element  @next/next/no-img-element

./components/sections/About.tsx
23:9  Warning: Error: Calling setState synchronously within an effect can trigger cascading renders

Effects are intended to synchronize state between React and external systems such as manually updating the DOM, state management libraries, or other platform APIs. In general, the body of an effect should do one or both of the following:
* Update external systems with the latest state from React.
* Subscribe for updates from some external system, calling setState in a callback function when external state changes.

Calling setState synchronously within an effect body causes cascading renders that can hurt performance, and is not recommended. (https://react.dev/learn/you-might-not-need-an-effect).

C:\Users\kevin\.gemini\antigravity\scratch\blis-corp\components\sections\About.tsx:23:9
  21 |
  22 |     useEffect(() => {
> 23 |         setIsMounted(true);
     |         ^^^^^^^^^^^^ Avoid calling setState() directly within an effect
  24 |     }, []);
  25 |
  26 |     const yearsExperience = cmsData.about.yearsExperience || '10+';  react-hooks/set-state-in-effect
200:33  Error: Use "@ts-expect-error" instead of "@ts-ignore", as "@ts-ignore" will do nothing if the following line is error-free.  @typescript-eslint/ban-ts-comment

./components/sections/BlogHero.tsx
22:60  Warning: Unexpected any. Specify a different type.  @typescript-eslint/no-explicit-any
33:25  Warning: Unexpected any. Specify a different type.  @typescript-eslint/no-explicit-any
35:22  Warning: Unexpected any. Specify a different type.  @typescript-eslint/no-explicit-any
125:13  Warning: Using `<img>` could result in slower LCP and higher bandwidth. Consider using `<Image />` from `next/image` or a custom image loader to automatically optimize images. This may incur additional usage or cost from your provider. See: https://nextjs.org/docs/messages/no-img-element  @next/next/no-img-element

./components/sections/BlogPosts.tsx
3:10  Warning: 'motion' is defined but never used. Allowed unused vars must match /^_/u.  @typescript-eslint/no-unused-vars
4:10  Warning: 'ArrowRight' is defined but never used. Allowed unused vars must match /^_/u.  @typescript-eslint/no-unused-vars
22:5  Warning: 'description' is assigned a value but never used. Allowed unused vars must match /^_/u.  @typescript-eslint/no-unused-vars
27:44  Warning: Unexpected any. Specify a different type.  @typescript-eslint/no-explicit-any
38:25  Warning: Unexpected any. Specify a different type.  @typescript-eslint/no-explicit-any
39:22  Warning: Unexpected any. Specify a different type.  @typescript-eslint/no-explicit-any
61:32  Warning: Unexpected any. Specify a different type.  @typescript-eslint/no-explicit-any
88:13  Warning: Using `<img>` could result in slower LCP and higher bandwidth. Consider using `<Image />` from `next/image` or a custom image loader to automatically optimize images. This may incur additional usage or cost from your provider. See: https://nextjs.org/docs/messages/no-img-element  @next/next/no-img-element

./components/sections/Calculator.tsx
5:59  Warning: 'Clock' is defined but never used. Allowed unused vars must match /^_/u.  @typescript-eslint/no-unused-vars
5:66  Warning: 'Activity' is defined but never used. Allowed unused vars must match /^_/u.  @typescript-eslint/no-unused-vars
6:10  Warning: 'AnimatedCounter' is defined but never used. Allowed unused vars must match /^_/u.  @typescript-eslint/no-unused-vars
22:9  Warning: Error: Calling setState synchronously within an effect can trigger cascading renders

Effects are intended to synchronize state between React and external systems such as manually updating the DOM, state management libraries, or other platform APIs. In general, the body of an effect should do one or both of the following:
* Update external systems with the latest state from React.
* Subscribe for updates from some external system, calling setState in a callback function when external state changes.

Calling setState synchronously within an effect body causes cascading renders that can hurt performance, and is not recommended. (https://react.dev/learn/you-might-not-need-an-effect).

C:\Users\kevin\.gemini\antigravity\scratch\blis-corp\components\sections\Calculator.tsx:22:9
  20 |         const { planosRatio, preventaRatio, escrituraRatio } = cmsData.calculator;
  21 |         
> 22 |         setCalculatedValues({
     |         ^^^^^^^^^^^^^^^^^^^ Avoid calling setState() directly within an effect
  23 |             planos: Math.round(marketValue * (parseFloat(planosRatio) / 100)),
  24 |             preventa: Math.round(marketValue * (parseFloat(preventaRatio) / 100)),
  25 |             escritura: Math.round(marketValue * (parseFloat(escrituraRatio) / 100)),  react-hooks/set-state-in-effect

./components/sections/CaptureForm.tsx
166:42  Warning: 'index' is defined but never used. Allowed unused args must match /^_/u.  @typescript-eslint/no-unused-vars

./components/sections/CaptureHero.tsx
4:20  Warning: 'TrendingUp' is defined but never used. Allowed unused vars must match /^_/u.  @typescript-eslint/no-unused-vars

./components/sections/Catalog.tsx
3:18  Warning: 'AnimatePresence' is defined but never used. Allowed unused vars must match /^_/u.  @typescript-eslint/no-unused-vars
4:73  Warning: 'Loader2' is defined but never used. Allowed unused vars must match /^_/u.  @typescript-eslint/no-unused-vars
34:35  Warning: 'categories' is assigned a value but never used. Allowed unused vars must match /^_/u.  @typescript-eslint/no-unused-vars
34:47  Warning: 'loading' is assigned a value but never used. Allowed unused vars must match /^_/u.  @typescript-eslint/no-unused-vars
201:8  Warning: React Hook useEffect has missing dependencies: 'currentIndex', 'progress', and 'resetToIndex'. Either include them or remove the dependency array.  react-hooks/exhaustive-deps
224:8  Warning: React Hook useEffect has a missing dependency: 'handleNext'. Either include it or remove the dependency array.  react-hooks/exhaustive-deps
241:8  Warning: React Hook useEffect has a missing dependency: 'totalBaseItems'. Either include it or remove the dependency array.  react-hooks/exhaustive-deps
306:50  Warning: Unexpected any. Specify a different type.  @typescript-eslint/no-explicit-any

./components/sections/ContentSection.tsx
5:8  Warning: 'Image' is defined but never used. Allowed unused vars must match /^_/u.  @typescript-eslint/no-unused-vars
163:9  Warning: Using `<img>` could result in slower LCP and higher bandwidth. Consider using `<Image />` from `next/image` or a custom image loader to automatically optimize images. This may incur additional usage or cost from your provider. See: https://nextjs.org/docs/messages/no-img-element  @next/next/no-img-element

./components/sections/CustomFooter.tsx
61:15  Warning: Using `<img>` could result in slower LCP and higher bandwidth. Consider using `<Image />` from `next/image` or a custom image loader to automatically optimize images. This may incur additional usage or cost from your provider. See: https://nextjs.org/docs/messages/no-img-element  @next/next/no-img-element

./components/sections/CustomHeader.tsx
51:15  Warning: Using `<img>` could result in slower LCP and higher bandwidth. Consider using `<Image />` from `next/image` or a custom image loader to automatically optimize images. This may incur additional usage or cost from your provider. See: https://nextjs.org/docs/messages/no-img-element  @next/next/no-img-element

./components/sections/FAQ.tsx
6:10  Warning: 'AnimatedCounter' is defined but never used. Allowed unused vars must match /^_/u.  @typescript-eslint/no-unused-vars

./components/sections/Footer.tsx
4:92  Warning: 'Phone' is defined but never used. Allowed unused vars must match /^_/u.  @typescript-eslint/no-unused-vars
4:99  Warning: 'MapPin' is defined but never used. Allowed unused vars must match /^_/u.  @typescript-eslint/no-unused-vars
70:29  Warning: Using `<img>` could result in slower LCP and higher bandwidth. Consider using `<Image />` from `next/image` or a custom image loader to automatically optimize images. This may incur additional usage or cost from your provider. See: https://nextjs.org/docs/messages/no-img-element  @next/next/no-img-element
132:29  Warning: Using `<img>` could result in slower LCP and higher bandwidth. Consider using `<Image />` from `next/image` or a custom image loader to automatically optimize images. This may incur additional usage or cost from your provider. See: https://nextjs.org/docs/messages/no-img-element  @next/next/no-img-element

./components/sections/FunnelHero.tsx
39:5  Warning: 'showCountdown' is assigned a value but never used. Allowed unused vars must match /^_/u.  @typescript-eslint/no-unused-vars
40:5  Warning: 'countdownEnd' is assigned a value but never used. Allowed unused vars must match /^_/u.  @typescript-eslint/no-unused-vars

./components/sections/FunnelTestimonials.tsx
57:5  Warning: 'autoPlayInterval' is assigned a value but never used. Allowed unused vars must match /^_/u.  @typescript-eslint/no-unused-vars
116:19  Error: `"` can be escaped with `&quot;`, `&ldquo;`, `&#34;`, `&rdquo;`.  react/no-unescaped-entities
116:39  Error: `"` can be escaped with `&quot;`, `&ldquo;`, `&#34;`, `&rdquo;`.  react/no-unescaped-entities
127:21  Warning: Using `<img>` could result in slower LCP and higher bandwidth. Consider using `<Image />` from `next/image` or a custom image loader to automatically optimize images. This may incur additional usage or cost from your provider. See: https://nextjs.org/docs/messages/no-img-element  @next/next/no-img-element
191:17  Error: `"` can be escaped with `&quot;`, `&ldquo;`, `&#34;`, `&rdquo;`.  react/no-unescaped-entities
191:34  Error: `"` can be escaped with `&quot;`, `&ldquo;`, `&#34;`, `&rdquo;`.  react/no-unescaped-entities
203:17  Warning: Using `<img>` could result in slower LCP and higher bandwidth. Consider using `<Image />` from `next/image` or a custom image loader to automatically optimize images. This may incur additional usage or cost from your provider. See: https://nextjs.org/docs/messages/no-img-element  @next/next/no-img-element
290:21  Error: `"` can be escaped with `&quot;`, `&ldquo;`, `&#34;`, `&rdquo;`.  react/no-unescaped-entities
290:41  Error: `"` can be escaped with `&quot;`, `&ldquo;`, `&#34;`, `&rdquo;`.  react/no-unescaped-entities
301:23  Warning: Using `<img>` could result in slower LCP and higher bandwidth. Consider using `<Image />` from `next/image` or a custom image loader to automatically optimize images. This may incur additional usage or cost from your provider. See: https://nextjs.org/docs/messages/no-img-element  @next/next/no-img-element

./components/sections/FunnelVideo.tsx
30:5  Warning: 'autoplay' is assigned a value but never used. Allowed unused vars must match /^_/u.  @typescript-eslint/no-unused-vars

./components/sections/Header.tsx
5:144  Warning: 'ChevronDown' is defined but never used. Allowed unused vars must match /^_/u.  @typescript-eslint/no-unused-vars
7:8  Warning: 'Image' is defined but never used. Allowed unused vars must match /^_/u.  @typescript-eslint/no-unused-vars
34:9  Warning: Error: Calling setState synchronously within an effect can trigger cascading renders

Effects are intended to synchronize state between React and external systems such as manually updating the DOM, state management libraries, or other platform APIs. In general, the body of an effect should do one or both of the following:
* Update external systems with the latest state from React.
* Subscribe for updates from some external system, calling setState in a callback function when external state changes.

Calling setState synchronously within an effect body causes cascading renders that can hurt performance, and is not recommended. (https://react.dev/learn/you-might-not-need-an-effect).

C:\Users\kevin\.gemini\antigravity\scratch\blis-corp\components\sections\Header.tsx:34:9
  32 |
  33 |     useEffect(() => {
> 34 |         setIsMounted(true)
     |         ^^^^^^^^^^^^ Avoid calling setState() directly within an effect
  35 |         const handleScroll = () => {
  36 |             setIsScrolled(window.scrollY > 50)
  37 |         }  react-hooks/set-state-in-effect
139:29  Warning: Using `<img>` could result in slower LCP and higher bandwidth. Consider using `<Image />` from `next/image` or a custom image loader to automatically optimize images. This may incur additional usage or cost from your provider. See: https://nextjs.org/docs/messages/no-img-element  @next/next/no-img-element
277:69  Warning: Using `<img>` could result in slower LCP and higher bandwidth. Consider using `<Image />` from `next/image` or a custom image loader to automatically optimize images. This may incur additional usage or cost from your provider. See: https://nextjs.org/docs/messages/no-img-element  @next/next/no-img-element
359:69  Warning: Using `<img>` could result in slower LCP and higher bandwidth. Consider using `<Image />` from `next/image` or a custom image loader to automatically optimize images. This may incur additional usage or cost from your provider. See: https://nextjs.org/docs/messages/no-img-element  @next/next/no-img-element
405:53  Warning: Using `<img>` could result in slower LCP and higher bandwidth. Consider using `<Image />` from `next/image` or a custom image loader to automatically optimize images. This may incur additional usage or cost from your provider. See: https://nextjs.org/docs/messages/no-img-element  @next/next/no-img-element
583:33  Warning: Using `<img>` could result in slower LCP and higher bandwidth. Consider using `<Image />` from `next/image` or a custom image loader to automatically optimize images. This may incur additional usage or cost from your provider. See: https://nextjs.org/docs/messages/no-img-element  @next/next/no-img-element
596:49  Warning: Using `<img>` could result in slower LCP and higher bandwidth. Consider using `<Image />` from `next/image` or a custom image loader to automatically optimize images. This may incur additional usage or cost from your provider. See: https://nextjs.org/docs/messages/no-img-element  @next/next/no-img-element

./components/sections/Hero.tsx
16:9  Warning: Error: Calling setState synchronously within an effect can trigger cascading renders

Effects are intended to synchronize state between React and external systems such as manually updating the DOM, state management libraries, or other platform APIs. In general, the body of an effect should do one or both of the following:
* Update external systems with the latest state from React.
* Subscribe for updates from some external system, calling setState in a callback function when external state changes.

Calling setState synchronously within an effect body causes cascading renders that can hurt performance, and is not recommended. (https://react.dev/learn/you-might-not-need-an-effect).

C:\Users\kevin\.gemini\antigravity\scratch\blis-corp\components\sections\Hero.tsx:16:9
  14 |
  15 |     useEffect(() => {
> 16 |         setMounted(true);
     |         ^^^^^^^^^^ Avoid calling setState() directly within an effect
  17 |     }, []);
  18 |
  19 |  react-hooks/set-state-in-effect

./components/sections/InteractiveData.tsx
8:31  Warning: Unexpected any. Specify a different type.  @typescript-eslint/no-explicit-any
68:41  Error: `"` can be escaped with `&quot;`, `&ldquo;`, `&#34;`, `&rdquo;`.  react/no-unescaped-entities
68:56  Error: `"` can be escaped with `&quot;`, `&ldquo;`, `&#34;`, `&rdquo;`.  react/no-unescaped-entities

./components/sections/Metrics.tsx
3:10  Warning: 'useEffect' is defined but never used. Allowed unused vars must match /^_/u.  @typescript-eslint/no-unused-vars
3:21  Warning: 'useRef' is defined but never used. Allowed unused vars must match /^_/u.  @typescript-eslint/no-unused-vars
3:29  Warning: 'useState' is defined but never used. Allowed unused vars must match /^_/u.  @typescript-eslint/no-unused-vars

./components/sections/Operations.tsx
17:12  Warning: 'isMobile' is assigned a value but never used. Allowed unused vars must match /^_/u.  @typescript-eslint/no-unused-vars
23:9  Warning: Error: Calling setState synchronously within an effect can trigger cascading renders

Effects are intended to synchronize state between React and external systems such as manually updating the DOM, state management libraries, or other platform APIs. In general, the body of an effect should do one or both of the following:
* Update external systems with the latest state from React.
* Subscribe for updates from some external system, calling setState in a callback function when external state changes.

Calling setState synchronously within an effect body causes cascading renders that can hurt performance, and is not recommended. (https://react.dev/learn/you-might-not-need-an-effect).

C:\Users\kevin\.gemini\antigravity\scratch\blis-corp\components\sections\Operations.tsx:23:9
  21 |     // Initial Setup
  22 |     useEffect(() => {
> 23 |         setIsMounted(true);
     |         ^^^^^^^^^^^^ Avoid calling setState() directly within an effect
  24 |         const check = () => setIsMobile(window.innerWidth < 768);
  25 |         check();
  26 |         window.addEventListener('resize', check);  react-hooks/set-state-in-effect

./components/sections/Process.tsx
8:31  Warning: Unexpected any. Specify a different type.  @typescript-eslint/no-explicit-any
32:60  Warning: Unexpected any. Specify a different type.  @typescript-eslint/no-explicit-any
83:25  Warning: Using `<img>` could result in slower LCP and higher bandwidth. Consider using `<Image />` from `next/image` or a custom image loader to automatically optimize images. This may incur additional usage or cost from your provider. See: https://nextjs.org/docs/messages/no-img-element  @next/next/no-img-element
159:49  Warning: Using `<img>` could result in slower LCP and higher bandwidth. Consider using `<Image />` from `next/image` or a custom image loader to automatically optimize images. This may incur additional usage or cost from your provider. See: https://nextjs.org/docs/messages/no-img-element  @next/next/no-img-element

./components/sections/ProjectMap.tsx
4:10  Warning: 'MapPin' is defined but never used. Allowed unused vars must match /^_/u.  @typescript-eslint/no-unused-vars
4:30  Warning: 'Eye' is defined but never used. Allowed unused vars must match /^_/u.  @typescript-eslint/no-unused-vars
9:37  Warning: 'title' is assigned a value but never used. Allowed unused vars must match /^_/u.  @typescript-eslint/no-unused-vars

./components/sections/Projects.tsx
73:77  Warning: Unexpected any. Specify a different type.  @typescript-eslint/no-explicit-any
116:33  Warning: Unexpected any. Specify a different type.  @typescript-eslint/no-explicit-any
314:87  Warning: Unexpected any. Specify a different type.  @typescript-eslint/no-explicit-any
316:87  Warning: Unexpected any. Specify a different type.  @typescript-eslint/no-explicit-any

./components/sections/StatsSection.tsx
4:29  Warning: 'useSpring' is defined but never used. Allowed unused vars must match /^_/u.  @typescript-eslint/no-unused-vars
4:40  Warning: 'useTransform' is defined but never used. Allowed unused vars must match /^_/u.  @typescript-eslint/no-unused-vars

./components/sections/Team.tsx
4:34  Warning: 'ArrowRight' is defined but never used. Allowed unused vars must match /^_/u.  @typescript-eslint/no-unused-vars
4:46  Warning: 'Briefcase' is defined but never used. Allowed unused vars must match /^_/u.  @typescript-eslint/no-unused-vars
4:107  Warning: 'Youtube' is defined but never used. Allowed unused vars must match /^_/u.  @typescript-eslint/no-unused-vars
4:137  Warning: 'Phone' is defined but never used. Allowed unused vars must match /^_/u.  @typescript-eslint/no-unused-vars
4:144  Warning: 'MapPin' is defined but never used. Allowed unused vars must match /^_/u.  @typescript-eslint/no-unused-vars
4:161  Warning: 'VideoIcon' is defined but never used. Allowed unused vars must match /^_/u.  @typescript-eslint/no-unused-vars
5:10  Warning: 'AnimatedCounter' is defined but never used. Allowed unused vars must match /^_/u.  @typescript-eslint/no-unused-vars
132:33  Error: `"` can be escaped with `&quot;`, `&ldquo;`, `&#34;`, `&rdquo;`.  react/no-unescaped-entities
132:44  Error: `"` can be escaped with `&quot;`, `&ldquo;`, `&#34;`, `&rdquo;`.  react/no-unescaped-entities

./components/sections/Testimonials.tsx
56:69  Warning: Unexpected any. Specify a different type.  @typescript-eslint/no-explicit-any
73:17  Warning: Expected an assignment or function call and instead saw an expression.  @typescript-eslint/no-unused-expressions
78:8  Warning: React Hook useEffect has a missing dependency: 'testimonials.length'. Either include it or remove the dependency array.  react-hooks/exhaustive-deps
169:37  Warning: Using `<img>` could result in slower LCP and higher bandwidth. Consider using `<Image />` from `next/image` or a custom image loader to automatically optimize images. This may incur additional usage or cost from your provider. See: https://nextjs.org/docs/messages/no-img-element  @next/next/no-img-element
243:45  Warning: Using `<img>` could result in slower LCP and higher bandwidth. Consider using `<Image />` from `next/image` or a custom image loader to automatically optimize images. This may incur additional usage or cost from your provider. See: https://nextjs.org/docs/messages/no-img-element  @next/next/no-img-element

./components/sections/VideoShowcase.tsx
4:21  Warning: 'TrendingUp' is defined but never used. Allowed unused vars must match /^_/u.  @typescript-eslint/no-unused-vars
4:33  Warning: 'ShieldCheck' is defined but never used. Allowed unused vars must match /^_/u.  @typescript-eslint/no-unused-vars
49:33  Error: Use "@ts-expect-error" instead of "@ts-ignore", as "@ts-ignore" will do nothing if the following line is error-free.  @typescript-eslint/ban-ts-comment

./components/superadmin/BusinessEngineManager.tsx
5:43  Warning: 'ChevronRight' is defined but never used. Allowed unused vars must match /^_/u.  @typescript-eslint/no-unused-vars
15:9  Warning: Error: Calling setState synchronously within an effect can trigger cascading renders

Effects are intended to synchronize state between React and external systems such as manually updating the DOM, state management libraries, or other platform APIs. In general, the body of an effect should do one or both of the following:
* Update external systems with the latest state from React.
* Subscribe for updates from some external system, calling setState in a callback function when external state changes.

Calling setState synchronously within an effect body causes cascading renders that can hurt performance, and is not recommended. (https://react.dev/learn/you-might-not-need-an-effect).

C:\Users\kevin\.gemini\antigravity\scratch\blis-corp\components\superadmin\BusinessEngineManager.tsx:15:9
  13 |
  14 |     useEffect(() => {
> 15 |         setMounted(true);
     |         ^^^^^^^^^^ Avoid calling setState() directly within an effect
  16 |         return () => setMounted(false);
  17 |     }, []);
  18 |  react-hooks/set-state-in-effect

./components/superadmin/CategoryManager.tsx
3:27  Warning: 'useRef' is defined but never used. Allowed unused vars must match /^_/u.  @typescript-eslint/no-unused-vars
4:55  Warning: 'Check' is defined but never used. Allowed unused vars must match /^_/u.  @typescript-eslint/no-unused-vars
18:9  Warning: Error: Calling setState synchronously within an effect can trigger cascading renders

Effects are intended to synchronize state between React and external systems such as manually updating the DOM, state management libraries, or other platform APIs. In general, the body of an effect should do one or both of the following:
* Update external systems with the latest state from React.
* Subscribe for updates from some external system, calling setState in a callback function when external state changes.

Calling setState synchronously within an effect body causes cascading renders that can hurt performance, and is not recommended. (https://react.dev/learn/you-might-not-need-an-effect).

C:\Users\kevin\.gemini\antigravity\scratch\blis-corp\components\superadmin\CategoryManager.tsx:18:9
  16 |
  17 |     useEffect(() => {
> 18 |         setMounted(true);
     |         ^^^^^^^^^^ Avoid calling setState() directly within an effect
  19 |         return () => setMounted(false);
  20 |     }, []);
  21 |  react-hooks/set-state-in-effect

./components/superadmin/CurrencyManager.tsx
4:31  Warning: 'Settings2' is defined but never used. Allowed unused vars must match /^_/u.  @typescript-eslint/no-unused-vars
51:9  Warning: Error: Calling setState synchronously within an effect can trigger cascading renders

Effects are intended to synchronize state between React and external systems such as manually updating the DOM, state management libraries, or other platform APIs. In general, the body of an effect should do one or both of the following:
* Update external systems with the latest state from React.
* Subscribe for updates from some external system, calling setState in a callback function when external state changes.

Calling setState synchronously within an effect body causes cascading renders that can hurt performance, and is not recommended. (https://react.dev/learn/you-might-not-need-an-effect).

C:\Users\kevin\.gemini\antigravity\scratch\blis-corp\components\superadmin\CurrencyManager.tsx:51:9
  49 |
  50 |     useEffect(() => {
> 51 |         setMounted(true);
     |         ^^^^^^^^^^ Avoid calling setState() directly within an effect
  52 |         return () => setMounted(false);
  53 |     }, []);
  54 |  react-hooks/set-state-in-effect

./components/superadmin/GestionDeLotesWrapper.tsx
9:10  Warning: 'error' is assigned a value but never used. Allowed unused vars must match /^_/u.  @typescript-eslint/no-unused-vars

./components/superadmin/ImageSearch.tsx
287:74  Warning: Unexpected any. Specify a different type.  @typescript-eslint/no-explicit-any
312:61  Warning: Unexpected any. Specify a different type.  @typescript-eslint/no-explicit-any
396:19  Warning: Using `<img>` could result in slower LCP and higher bandwidth. Consider using `<Image />` from `next/image` or a custom image loader to automatically optimize images. This may incur additional usage or cost from your provider. See: https://nextjs.org/docs/messages/no-img-element  @next/next/no-img-element
433:15  Warning: Using `<img>` could result in slower LCP and higher bandwidth. Consider using `<Image />` from `next/image` or a custom image loader to automatically optimize images. This may incur additional usage or cost from your provider. See: https://nextjs.org/docs/messages/no-img-element  @next/next/no-img-element

./components/superadmin/LabelManager.tsx
6:20  Warning: 'LabelLayout' is defined but never used. Allowed unused vars must match /^_/u.  @typescript-eslint/no-unused-vars
6:33  Warning: 'CodeType' is defined but never used. Allowed unused vars must match /^_/u.  @typescript-eslint/no-unused-vars
15:9  Warning: Error: Calling setState synchronously within an effect can trigger cascading renders

Effects are intended to synchronize state between React and external systems such as manually updating the DOM, state management libraries, or other platform APIs. In general, the body of an effect should do one or both of the following:
* Update external systems with the latest state from React.
* Subscribe for updates from some external system, calling setState in a callback function when external state changes.

Calling setState synchronously within an effect body causes cascading renders that can hurt performance, and is not recommended. (https://react.dev/learn/you-might-not-need-an-effect).

C:\Users\kevin\.gemini\antigravity\scratch\blis-corp\components\superadmin\LabelManager.tsx:15:9
  13 |
  14 |     useEffect(() => {
> 15 |         setMounted(true);
     |         ^^^^^^^^^^ Avoid calling setState() directly within an effect
  16 |         return () => setMounted(false);
  17 |     }, []);
  18 |  react-hooks/set-state-in-effect

./components/superadmin/POSAIUpsell.tsx
15:11  Warning: Unexpected any. Specify a different type.  @typescript-eslint/no-explicit-any
16:14  Warning: Unexpected any. Specify a different type.  @typescript-eslint/no-explicit-any
17:29  Warning: Unexpected any. Specify a different type.  @typescript-eslint/no-explicit-any
133:42  Warning: Unexpected any. Specify a different type.  @typescript-eslint/no-explicit-any
135:145  Warning: Unexpected any. Specify a different type.  @typescript-eslint/no-explicit-any
179:118  Error: `"` can be escaped with `&quot;`, `&ldquo;`, `&#34;`, `&rdquo;`.  react/no-unescaped-entities
179:129  Error: `"` can be escaped with `&quot;`, `&ldquo;`, `&#34;`, `&rdquo;`.  react/no-unescaped-entities
187:129  Warning: Unexpected any. Specify a different type.  @typescript-eslint/no-explicit-any

./components/superadmin/POSManager.tsx
6:5  Warning: 'Search' is defined but never used. Allowed unused vars must match /^_/u.  @typescript-eslint/no-unused-vars
7:53  Warning: 'Filter' is defined but never used. Allowed unused vars must match /^_/u.  @typescript-eslint/no-unused-vars
8:15  Warning: 'Receipt' is defined but never used. Allowed unused vars must match /^_/u.  @typescript-eslint/no-unused-vars
8:33  Warning: 'TrendingUp' is defined but never used. Allowed unused vars must match /^_/u.  @typescript-eslint/no-unused-vars
9:46  Warning: 'Edit3' is defined but never used. Allowed unused vars must match /^_/u.  @typescript-eslint/no-unused-vars
20:10  Warning: 'mapSupabaseToPosProduct' is defined but never used. Allowed unused vars must match /^_/u.  @typescript-eslint/no-unused-vars
70:20  Warning: 'd' is assigned a value but never used. Allowed unused vars must match /^_/u.  @typescript-eslint/no-unused-vars
201:31  Warning: 'clearCart' is assigned a value but never used. Allowed unused vars must match /^_/u.  @typescript-eslint/no-unused-vars
216:43  Error: React Hook "useState" is called conditionally. React Hooks must be called in the exact same order in every component render. Did you accidentally call a React Hook after an early return?  react-hooks/rules-of-hooks
217:49  Error: React Hook "useState" is called conditionally. React Hooks must be called in the exact same order in every component render. Did you accidentally call a React Hook after an early return?  react-hooks/rules-of-hooks
218:29  Error: React Hook "useState" is called conditionally. React Hooks must be called in the exact same order in every component render. Did you accidentally call a React Hook after an early return?  react-hooks/rules-of-hooks
219:39  Error: React Hook "useState" is called conditionally. React Hooks must be called in the exact same order in every component render. Did you accidentally call a React Hook after an early return?  react-hooks/rules-of-hooks
220:59  Error: React Hook "useState" is called conditionally. React Hooks must be called in the exact same order in every component render. Did you accidentally call a React Hook after an early return?  react-hooks/rules-of-hooks
221:57  Error: React Hook "useState" is called conditionally. React Hooks must be called in the exact same order in every component render. Did you accidentally call a React Hook after an early return?  react-hooks/rules-of-hooks
223:45  Error: React Hook "useState" is called conditionally. React Hooks must be called in the exact same order in every component render. Did you accidentally call a React Hook after an early return?  react-hooks/rules-of-hooks
224:49  Error: React Hook "useState" is called conditionally. React Hooks must be called in the exact same order in every component render. Did you accidentally call a React Hook after an early return?  react-hooks/rules-of-hooks
226:47  Error: React Hook "useState" is called conditionally. React Hooks must be called in the exact same order in every component render. Did you accidentally call a React Hook after an early return?  react-hooks/rules-of-hooks
227:49  Error: React Hook "useState" is called conditionally. React Hooks must be called in the exact same order in every component render. Did you accidentally call a React Hook after an early return?  react-hooks/rules-of-hooks
228:12  Warning: 'emitSunat' is assigned a value but never used. Allowed unused vars must match /^_/u.  @typescript-eslint/no-unused-vars
228:23  Warning: 'setEmitSunat' is assigned a value but never used. Allowed unused vars must match /^_/u.  @typescript-eslint/no-unused-vars
228:39  Error: React Hook "useState" is called conditionally. React Hooks must be called in the exact same order in every component render. Did you accidentally call a React Hook after an early return?  react-hooks/rules-of-hooks
229:53  Error: React Hook "useState" is called conditionally. React Hooks must be called in the exact same order in every component render. Did you accidentally call a React Hook after an early return?  react-hooks/rules-of-hooks
230:47  Error: React Hook "useState" is called conditionally. React Hooks must be called in the exact same order in every component render. Did you accidentally call a React Hook after an early return?  react-hooks/rules-of-hooks
231:63  Error: React Hook "useState" is called conditionally. React Hooks must be called in the exact same order in every component render. Did you accidentally call a React Hook after an early return?  react-hooks/rules-of-hooks
234:23  Error: React Hook "useRef" is called conditionally. React Hooks must be called in the exact same order in every component render. Did you accidentally call a React Hook after an early return?  react-hooks/rules-of-hooks
235:5  Error: React Hook "useEffect" is called conditionally. React Hooks must be called in the exact same order in every component render. Did you accidentally call a React Hook after an early return?  react-hooks/rules-of-hooks
239:64  Warning: Unexpected any. Specify a different type.  @typescript-eslint/no-explicit-any
244:32  Warning: Unexpected any. Specify a different type.  @typescript-eslint/no-explicit-any
285:25  Warning: Unexpected any. Specify a different type.  @typescript-eslint/no-explicit-any
343:89  Warning: Unexpected any. Specify a different type.  @typescript-eslint/no-explicit-any
378:18  Warning: 'e' is defined but never used.  @typescript-eslint/no-unused-vars
407:18  Warning: 'e' is defined but never used.  @typescript-eslint/no-unused-vars
410:25  Warning: Unexpected any. Specify a different type.  @typescript-eslint/no-explicit-any
438:26  Warning: 'e' is defined but never used.  @typescript-eslint/no-unused-vars
442:18  Warning: 'error' is defined but never used.  @typescript-eslint/no-unused-vars
449:43  Warning: Unexpected any. Specify a different type.  @typescript-eslint/no-explicit-any
457:31  Warning: Unexpected any. Specify a different type.  @typescript-eslint/no-explicit-any
510:83  Warning: Unexpected any. Specify a different type.  @typescript-eslint/no-explicit-any
556:80  Warning: Unexpected any. Specify a different type.  @typescript-eslint/no-explicit-any
563:61  Warning: Using `<img>` could result in slower LCP and higher bandwidth. Consider using `<Image />` from `next/image` or a custom image loader to automatically optimize images. This may incur additional usage or cost from your provider. See: https://nextjs.org/docs/messages/no-img-element  @next/next/no-img-element
563:61  Warning: img elements must have an alt prop, either with meaningful text, or an empty string for decorative images.  jsx-a11y/alt-text
612:72  Warning: Using `<img>` could result in slower LCP and higher bandwidth. Consider using `<Image />` from `next/image` or a custom image loader to automatically optimize images. This may incur additional usage or cost from your provider. See: https://nextjs.org/docs/messages/no-img-element  @next/next/no-img-element
612:72  Warning: img elements must have an alt prop, either with meaningful text, or an empty string for decorative images.  jsx-a11y/alt-text
1146:50  Warning: Unexpected any. Specify a different type.  @typescript-eslint/no-explicit-any
1356:94  Warning: Unexpected any. Specify a different type.  @typescript-eslint/no-explicit-any
1488:62  Warning: 'e' is defined but never used.  @typescript-eslint/no-unused-vars
1500:62  Warning: 'e' is defined but never used.  @typescript-eslint/no-unused-vars

./components/superadmin/RichTextEditor.tsx
8:49  Warning: 'Code' is defined but never used. Allowed unused vars must match /^_/u.  @typescript-eslint/no-unused-vars
11:33  Warning: 'GripHorizontal' is defined but never used. Allowed unused vars must match /^_/u.  @typescript-eslint/no-unused-vars
11:68  Warning: 'ImageIcon' is defined but never used. Allowed unused vars must match /^_/u.  @typescript-eslint/no-unused-vars
105:25  Warning: Using `<img>` could result in slower LCP and higher bandwidth. Consider using `<Image />` from `next/image` or a custom image loader to automatically optimize images. This may incur additional usage or cost from your provider. See: https://nextjs.org/docs/messages/no-img-element  @next/next/no-img-element
105:352  Error: Error: Cannot access refs during render

React refs are values that are not needed for rendering. Refs should only be accessed outside of render, such as in event handlers or effects. Accessing a ref value (the `current` property) during render can cause your component not to update as expected (https://react.dev/reference/react/useRef).

C:\Users\kevin\.gemini\antigravity\scratch\blis-corp\components\superadmin\RichTextEditor.tsx:105:352
  103 |                 <div ref={containerRef} className="aspect-[1200/630] w-full bg-black rounded-[2rem] overflow-hidden border border-white/5 cursor-move relative touch-none flex items-center justify-center" onMouseDown={handleMouseDown}>
  104 |                     <div className="relative" style={{ width: 0, height: 0 }}>
> 105 |                         <img ref={imageRef} src={src} crossOrigin="anonymous" onLoad={onImageLoad} alt="Crop" className="max-w-none select-none pointer-events-none" style={{ transform: `translate(${position.x}px, ${position.y}px) rotate(${rotation}deg) scale(${zoom * flipX}, ${zoom})`, transformOrigin: "center center", position: 'absolute', left: -(imageRef.current?.naturalWidth || 0) / 2, top: -(imageRef.current?.naturalHeight || 0) / 2 }} />
      |                                                                                                                                                                                                                                                                                                                                                                ^^^^^^^^^^^^^^^^ Cannot access ref value during render
  106 |                     </div>
  107 |                     <div className="absolute inset-0 border-2 border-blis-red/40 pointer-events-none" />
  108 |                 </div>  react-hooks/refs
105:352  Error: Error: Cannot access refs during render

React refs are values that are not needed for rendering. Refs should only be accessed outside of render, such as in event handlers or effects. Accessing a ref value (the `current` property) during render can cause your component not to update as expected (https://react.dev/reference/react/useRef).

C:\Users\kevin\.gemini\antigravity\scratch\blis-corp\components\superadmin\RichTextEditor.tsx:105:352
  103 |                 <div ref={containerRef} className="aspect-[1200/630] w-full bg-black rounded-[2rem] overflow-hidden border border-white/5 cursor-move relative touch-none flex items-center justify-center" onMouseDown={handleMouseDown}>
  104 |                     <div className="relative" style={{ width: 0, height: 0 }}>
> 105 |                         <img ref={imageRef} src={src} crossOrigin="anonymous" onLoad={onImageLoad} alt="Crop" className="max-w-none select-none pointer-events-none" style={{ transform: `translate(${position.x}px, ${position.y}px) rotate(${rotation}deg) scale(${zoom * flipX}, ${zoom})`, transformOrigin: "center center", position: 'absolute', left: -(imageRef.current?.naturalWidth || 0) / 2, top: -(imageRef.current?.naturalHeight || 0) / 2 }} />
      |                                                                                                                                                                                                                                                                                                                                                                ^^^^^^^^^^^^^^^^^^^^^^^^^^^^^^ Cannot access ref value during render
  106 |                     </div>
  107 |                     <div className="absolute inset-0 border-2 border-blis-red/40 pointer-events-none" />
  108 |                 </div>  react-hooks/refs
105:352  Error: Error: Cannot access refs during render

React refs are values that are not needed for rendering. Refs should only be accessed outside of render, such as in event handlers or effects. Accessing a ref value (the `current` property) during render can cause your component not to update as expected (https://react.dev/reference/react/useRef).

C:\Users\kevin\.gemini\antigravity\scratch\blis-corp\components\superadmin\RichTextEditor.tsx:105:352
  103 |                 <div ref={containerRef} className="aspect-[1200/630] w-full bg-black rounded-[2rem] overflow-hidden border border-white/5 cursor-move relative touch-none flex items-center justify-center" onMouseDown={handleMouseDown}>
  104 |                     <div className="relative" style={{ width: 0, height: 0 }}>
> 105 |                         <img ref={imageRef} src={src} crossOrigin="anonymous" onLoad={onImageLoad} alt="Crop" className="max-w-none select-none pointer-events-none" style={{ transform: `translate(${position.x}px, ${position.y}px) rotate(${rotation}deg) scale(${zoom * flipX}, ${zoom})`, transformOrigin: "center center", position: 'absolute', left: -(imageRef.current?.naturalWidth || 0) / 2, top: -(imageRef.current?.naturalHeight || 0) / 2 }} />
      |                                                                                                                                                                                                                                                                                                                                                                ^^^^^^^^^^^^^^^^^^^^^^^^^^^^^^^^^^^ Cannot access ref value during render
  106 |                     </div>
  107 |                     <div className="absolute inset-0 border-2 border-blis-red/40 pointer-events-none" />
  108 |                 </div>  react-hooks/refs
105:401  Error: Error: Cannot access refs during render

React refs are values that are not needed for rendering. Refs should only be accessed outside of render, such as in event handlers or effects. Accessing a ref value (the `current` property) during render can cause your component not to update as expected (https://react.dev/reference/react/useRef).

C:\Users\kevin\.gemini\antigravity\scratch\blis-corp\components\superadmin\RichTextEditor.tsx:105:401
  103 |                 <div ref={containerRef} className="aspect-[1200/630] w-full bg-black rounded-[2rem] overflow-hidden border border-white/5 cursor-move relative touch-none flex items-center justify-center" onMouseDown={handleMouseDown}>
  104 |                     <div className="relative" style={{ width: 0, height: 0 }}>
> 105 |                         <img ref={imageRef} src={src} crossOrigin="anonymous" onLoad={onImageLoad} alt="Crop" className="max-w-none select-none pointer-events-none" style={{ transform: `translate(${position.x}px, ${position.y}px) rotate(${rotation}deg) scale(${zoom * flipX}, ${zoom})`, transformOrigin: "center center", position: 'absolute', left: -(imageRef.current?.naturalWidth || 0) / 2, top: -(imageRef.current?.naturalHeight || 0) / 2 }} />
      |                                                                                                                                                                                                                                                                                                                                                                                                                 ^^^^^^^^^^^^^^^^ Cannot access ref value during render
  106 |                     </div>
  107 |                     <div className="absolute inset-0 border-2 border-blis-red/40 pointer-events-none" />
  108 |                 </div>  react-hooks/refs
105:401  Error: Error: Cannot access refs during render

React refs are values that are not needed for rendering. Refs should only be accessed outside of render, such as in event handlers or effects. Accessing a ref value (the `current` property) during render can cause your component not to update as expected (https://react.dev/reference/react/useRef).

C:\Users\kevin\.gemini\antigravity\scratch\blis-corp\components\superadmin\RichTextEditor.tsx:105:401
  103 |                 <div ref={containerRef} className="aspect-[1200/630] w-full bg-black rounded-[2rem] overflow-hidden border border-white/5 cursor-move relative touch-none flex items-center justify-center" onMouseDown={handleMouseDown}>
  104 |                     <div className="relative" style={{ width: 0, height: 0 }}>
> 105 |                         <img ref={imageRef} src={src} crossOrigin="anonymous" onLoad={onImageLoad} alt="Crop" className="max-w-none select-none pointer-events-none" style={{ transform: `translate(${position.x}px, ${position.y}px) rotate(${rotation}deg) scale(${zoom * flipX}, ${zoom})`, transformOrigin: "center center", position: 'absolute', left: -(imageRef.current?.naturalWidth || 0) / 2, top: -(imageRef.current?.naturalHeight || 0) / 2 }} />
      |                                                                                                                                                                                                                                                                                                                                                                                                                 ^^^^^^^^^^^^^^^^^^^^^^^^^^^^^^^ Cannot access ref value during render
  106 |                     </div>
  107 |                     <div className="absolute inset-0 border-2 border-blis-red/40 pointer-events-none" />
  108 |                 </div>  react-hooks/refs
105:401  Error: Error: Cannot access refs during render

React refs are values that are not needed for rendering. Refs should only be accessed outside of render, such as in event handlers or effects. Accessing a ref value (the `current` property) during render can cause your component not to update as expected (https://react.dev/reference/react/useRef).

C:\Users\kevin\.gemini\antigravity\scratch\blis-corp\components\superadmin\RichTextEditor.tsx:105:401
  103 |                 <div ref={containerRef} className="aspect-[1200/630] w-full bg-black rounded-[2rem] overflow-hidden border border-white/5 cursor-move relative touch-none flex items-center justify-center" onMouseDown={handleMouseDown}>
  104 |                     <div className="relative" style={{ width: 0, height: 0 }}>
> 105 |                         <img ref={imageRef} src={src} crossOrigin="anonymous" onLoad={onImageLoad} alt="Crop" className="max-w-none select-none pointer-events-none" style={{ transform: `translate(${position.x}px, ${position.y}px) rotate(${rotation}deg) scale(${zoom * flipX}, ${zoom})`, transformOrigin: "center center", position: 'absolute', left: -(imageRef.current?.naturalWidth || 0) / 2, top: -(imageRef.current?.naturalHeight || 0) / 2 }} />
      |                                                                                                                                                                                                                                                                                                                                                                                                                 ^^^^^^^^^^^^^^^^^^^^^^^^^^^^^^^^^^^^ Cannot access ref value during render
  106 |                     </div>
  107 |                     <div className="absolute inset-0 border-2 border-blis-red/40 pointer-events-none" />
  108 |                 </div>  react-hooks/refs
148:12  Warning: 'savedSelection' is assigned a value but never used. Allowed unused vars must match /^_/u.  @typescript-eslint/no-unused-vars
182:12  Warning: 'rgb' is assigned a value but never used. Allowed unused vars must match /^_/u.  @typescript-eslint/no-unused-vars
190:8  Warning: React Hook useEffect has a missing dependency: 'localValue'. Either include it or remove the dependency array.  react-hooks/exhaustive-deps
577:140  Error: Error: This value cannot be modified

Modifying a value used previously in an effect function or as an effect dependency is not allowed. Consider moving the modification before calling useEffect().

C:\Users\kevin\.gemini\antigravity\scratch\blis-corp\components\superadmin\RichTextEditor.tsx:577:140
  575 |                         <div className="flex gap-1.5 items-center bg-black/40 px-3 py-1.5 rounded-xl border border-white/5">
  576 |                             <span className="text-[8px] font-black text-gray-500 uppercase">Tama├▒o</span>
> 577 |                             <input type="range" min="10" max="100" value={parseInt(selectedImage.style.width || "100")} onChange={(e) => { selectedImage.style.width = `${e.target.value}%`; const val = editorRef.current!.innerHTML; setLocalValue(val); onChange(val); }} className="w-20 sm:w-32 accent-blis-red" />
      |                                                                                                                                            ^^^^^^^^^^^^^^^^^^^ `selectedImage` cannot be modified
  578 |                             <span className="text-[9px] font-black uppercase text-white w-8 text-right">{parseInt(selectedImage.style.width || "100")}%</span>
  579 |                         </div>
  580 |                     </div>  react-hooks/immutability
583:79  Error: Error: This value cannot be modified

Modifying a value used previously in an effect function or as an effect dependency is not allowed. Consider moving the modification before calling useEffect().

C:\Users\kevin\.gemini\antigravity\scratch\blis-corp\components\superadmin\RichTextEditor.tsx:583:79
  581 |                     <div className="flex items-center gap-2">
  582 |                         <div className="flex bg-white/5 rounded-xl p-0.5 border border-white/5">
> 583 |                             <button onMouseDown={(e) => { e.preventDefault(); selectedImage.style.display = 'block'; selectedImage.style.marginLeft = '0'; selectedImage.style.marginRight = 'auto'; const val = editorRef.current!.innerHTML; setLocalValue(val); onChange(val); }} className="p-1.5 text-gray-400 hover:text-white hover:bg-white/10 rounded-lg transition-colors"><AlignLeft className="w-3.5 h-3.5" /></button>
      |                                                                               ^^^^^^^^^^^^^^^^^^^ `selectedImage` cannot be modified
  584 |                             <button onMouseDown={(e) => { e.preventDefault(); selectedImage.style.display = 'block'; selectedImage.style.marginLeft = 'auto'; selectedImage.style.marginRight = 'auto'; const val = editorRef.current!.innerHTML; setLocalValue(val); onChange(val); }} className="p-1.5 text-gray-400 hover:text-white hover:bg-white/10 rounded-lg transition-colors"><AlignCenter className="w-3.5 h-3.5" /></button>
  585 |                             <button onMouseDown={(e) => { e.preventDefault(); selectedImage.style.display = 'block'; selectedImage.style.marginLeft = 'auto'; selectedImage.style.marginRight = '0'; const val = editorRef.current!.innerHTML; setLocalValue(val); onChange(val); }} className="p-1.5 text-gray-400 hover:text-white hover:bg-white/10 rounded-lg transition-colors"><AlignRight className="w-3.5 h-3.5" /></button>
  586 |                         </div>  react-hooks/immutability
584:79  Error: Error: This value cannot be modified

Modifying a value used previously in an effect function or as an effect dependency is not allowed. Consider moving the modification before calling useEffect().

C:\Users\kevin\.gemini\antigravity\scratch\blis-corp\components\superadmin\RichTextEditor.tsx:584:79
  582 |                         <div className="flex bg-white/5 rounded-xl p-0.5 border border-white/5">
  583 |                             <button onMouseDown={(e) => { e.preventDefault(); selectedImage.style.display = 'block'; selectedImage.style.marginLeft = '0'; selectedImage.style.marginRight = 'auto'; const val = editorRef.current!.innerHTML; setLocalValue(val); onChange(val); }} className="p-1.5 text-gray-400 hover:text-white hover:bg-white/10 rounded-lg transition-colors"><AlignLeft className="w-3.5 h-3.5" /></button>
> 584 |                             <button onMouseDown={(e) => { e.preventDefault(); selectedImage.style.display = 'block'; selectedImage.style.marginLeft = 'auto'; selectedImage.style.marginRight = 'auto'; const val = editorRef.current!.innerHTML; setLocalValue(val); onChange(val); }} className="p-1.5 text-gray-400 hover:text-white hover:bg-white/10 rounded-lg transition-colors"><AlignCenter className="w-3.5 h-3.5" /></button>
      |                                                                               ^^^^^^^^^^^^^^^^^^^ `selectedImage` cannot be modified
  585 |                             <button onMouseDown={(e) => { e.preventDefault(); selectedImage.style.display = 'block'; selectedImage.style.marginLeft = 'auto'; selectedImage.style.marginRight = '0'; const val = editorRef.current!.innerHTML; setLocalValue(val); onChange(val); }} className="p-1.5 text-gray-400 hover:text-white hover:bg-white/10 rounded-lg transition-colors"><AlignRight className="w-3.5 h-3.5" /></button>
  586 |                         </div>
  587 |                         <div className="hidden sm:flex bg-white/5 rounded-xl p-0.5 border border-white/5">  react-hooks/immutability
585:79  Error: Error: This value cannot be modified

Modifying a value used previously in an effect function or as an effect dependency is not allowed. Consider moving the modification before calling useEffect().

C:\Users\kevin\.gemini\antigravity\scratch\blis-corp\components\superadmin\RichTextEditor.tsx:585:79
  583 |                             <button onMouseDown={(e) => { e.preventDefault(); selectedImage.style.display = 'block'; selectedImage.style.marginLeft = '0'; selectedImage.style.marginRight = 'auto'; const val = editorRef.current!.innerHTML; setLocalValue(val); onChange(val); }} className="p-1.5 text-gray-400 hover:text-white hover:bg-white/10 rounded-lg transition-colors"><AlignLeft className="w-3.5 h-3.5" /></button>
  584 |                             <button onMouseDown={(e) => { e.preventDefault(); selectedImage.style.display = 'block'; selectedImage.style.marginLeft = 'auto'; selectedImage.style.marginRight = 'auto'; const val = editorRef.current!.innerHTML; setLocalValue(val); onChange(val); }} className="p-1.5 text-gray-400 hover:text-white hover:bg-white/10 rounded-lg transition-colors"><AlignCenter className="w-3.5 h-3.5" /></button>
> 585 |                             <button onMouseDown={(e) => { e.preventDefault(); selectedImage.style.display = 'block'; selectedImage.style.marginLeft = 'auto'; selectedImage.style.marginRight = '0'; const val = editorRef.current!.innerHTML; setLocalValue(val); onChange(val); }} className="p-1.5 text-gray-400 hover:text-white hover:bg-white/10 rounded-lg transition-colors"><AlignRight className="w-3.5 h-3.5" /></button>
      |                                                                               ^^^^^^^^^^^^^^^^^^^ `selectedImage` cannot be modified
  586 |                         </div>
  587 |                         <div className="hidden sm:flex bg-white/5 rounded-xl p-0.5 border border-white/5">
  588 |                             <button onMouseDown={(e) => { e.preventDefault(); let c = selectedImage.style.transform || ''; let m = c.match(/rotate\((\d+)deg\)/); let d = m ? (parseInt(m[1]) + 90) % 360 : 90; selectedImage.style.transform = c.replace(/rotate\([^)]+\)/, '').trim() + ` rotate(${d}deg)`; const val = editorRef.current!.innerHTML; setLocalValue(val); onChange(val); }} className="p-1.5 text-gray-400 hover:text-white hover:bg-white/10 rounded-lg flex items-center gap-1 transition-colors px-2"><RotateCw className="w-3.5 h-3.5 mr-1" /><span className="text-[8px] font-black uppercase">Girar</span></button>  react-hooks/immutability
588:83  Error: 'c' is never reassigned. Use 'const' instead.  prefer-const
588:128  Error: 'm' is never reassigned. Use 'const' instead.  prefer-const
588:167  Error: 'd' is never reassigned. Use 'const' instead.  prefer-const
588:209  Error: Error: This value cannot be modified

Modifying a value used previously in an effect function or as an effect dependency is not allowed. Consider moving the modification before calling useEffect().

C:\Users\kevin\.gemini\antigravity\scratch\blis-corp\components\superadmin\RichTextEditor.tsx:588:209
  586 |                         </div>
  587 |                         <div className="hidden sm:flex bg-white/5 rounded-xl p-0.5 border border-white/5">
> 588 |                             <button onMouseDown={(e) => { e.preventDefault(); let c = selectedImage.style.transform || ''; let m = c.match(/rotate\((\d+)deg\)/); let d = m ? (parseInt(m[1]) + 90) % 360 : 90; selectedImage.style.transform = c.replace(/rotate\([^)]+\)/, '').trim() + ` rotate(${d}deg)`; const val = editorRef.current!.innerHTML; setLocalValue(val); onChange(val); }} className="p-1.5 text-gray-400 hover:text-white hover:bg-white/10 rounded-lg flex items-center gap-1 transition-colors px-2"><RotateCw className="w-3.5 h-3.5 mr-1" /><span className="text-[8px] font-black uppercase">Girar</span></button>
      |                                                                                                                                                                                                                 ^^^^^^^^^^^^^^^^^^^ `selectedImage` cannot be modified
  589 |                             <button onMouseDown={(e) => { e.preventDefault(); let c = selectedImage.style.transform || ''; let m = c.match(/scaleX\((-?\d+)\)/); let s = m ? parseInt(m[1]) * -1 : -1; selectedImage.style.transform = c.replace(/scaleX\([^)]+\)/, '').trim() + ` scaleX(${s})`; const val = editorRef.current!.innerHTML; setLocalValue(val); onChange(val); }} className="p-1.5 text-gray-400 hover:text-white hover:bg-white/10 rounded-lg flex items-center gap-1 transition-colors px-2"><FlipHorizontal className="w-3.5 h-3.5 mr-1" /><span className="text-[8px] font-black uppercase">Espejo</span></button>
  590 |                             <button onMouseDown={(e) => { e.preventDefault(); setCroppingImageSrc(selectedImage.src); }} className="p-1.5 text-emerald-500 hover:bg-emerald-500/10 rounded-lg flex items-center transition-colors px-2"><Scissors className="w-3.5 h-3.5 mr-1" /><span className="text-[8px] font-black uppercase">Cortar</span></button>
  591 |                         </div>  react-hooks/immutability
589:83  Error: 'c' is never reassigned. Use 'const' instead.  prefer-const
589:128  Error: 'm' is never reassigned. Use 'const' instead.  prefer-const
589:166  Error: 's' is never reassigned. Use 'const' instead.  prefer-const
589:200  Error: Error: This value cannot be modified

Modifying a value used previously in an effect function or as an effect dependency is not allowed. Consider moving the modification before calling useEffect().

C:\Users\kevin\.gemini\antigravity\scratch\blis-corp\components\superadmin\RichTextEditor.tsx:589:200
  587 |                         <div className="hidden sm:flex bg-white/5 rounded-xl p-0.5 border border-white/5">
  588 |                             <button onMouseDown={(e) => { e.preventDefault(); let c = selectedImage.style.transform || ''; let m = c.match(/rotate\((\d+)deg\)/); let d = m ? (parseInt(m[1]) + 90) % 360 : 90; selectedImage.style.transform = c.replace(/rotate\([^)]+\)/, '').trim() + ` rotate(${d}deg)`; const val = editorRef.current!.innerHTML; setLocalValue(val); onChange(val); }} className="p-1.5 text-gray-400 hover:text-white hover:bg-white/10 rounded-lg flex items-center gap-1 transition-colors px-2"><RotateCw className="w-3.5 h-3.5 mr-1" /><span className="text-[8px] font-black uppercase">Girar</span></button>
> 589 |                             <button onMouseDown={(e) => { e.preventDefault(); let c = selectedImage.style.transform || ''; let m = c.match(/scaleX\((-?\d+)\)/); let s = m ? parseInt(m[1]) * -1 : -1; selectedImage.style.transform = c.replace(/scaleX\([^)]+\)/, '').trim() + ` scaleX(${s})`; const val = editorRef.current!.innerHTML; setLocalValue(val); onChange(val); }} className="p-1.5 text-gray-400 hover:text-white hover:bg-white/10 rounded-lg flex items-center gap-1 transition-colors px-2"><FlipHorizontal className="w-3.5 h-3.5 mr-1" /><span className="text-[8px] font-black uppercase">Espejo</span></button>
      |                                                                                                                                                                                                        ^^^^^^^^^^^^^^^^^^^ `selectedImage` cannot be modified
  590 |                             <button onMouseDown={(e) => { e.preventDefault(); setCroppingImageSrc(selectedImage.src); }} className="p-1.5 text-emerald-500 hover:bg-emerald-500/10 rounded-lg flex items-center transition-colors px-2"><Scissors className="w-3.5 h-3.5 mr-1" /><span className="text-[8px] font-black uppercase">Cortar</span></button>
  591 |                         </div>
  592 |                         <button onMouseDown={(e) => { e.preventDefault(); selectedImage.remove(); setSelectedImageId(null); const val = editorRef.current!.innerHTML; setLocalValue(val); onChange(val); }} className="p-1.5 px-3 bg-red-500/10 text-red-500 hover:bg-red-500/20 rounded-lg transition-colors border border-red-500/20"><Trash className="w-3.5 h-3.5" /></button>  react-hooks/immutability

./components/superadmin/ShippingManager.tsx
5:64  Warning: 'ChevronRight' is defined but never used. Allowed unused vars must match /^_/u.  @typescript-eslint/no-unused-vars
5:89  Warning: 'Info' is defined but never used. Allowed unused vars must match /^_/u.  @typescript-eslint/no-unused-vars
16:13  Warning: 'convertAmount' is assigned a value but never used. Allowed unused vars must match /^_/u.  @typescript-eslint/no-unused-vars
19:9  Warning: Error: Calling setState synchronously within an effect can trigger cascading renders

Effects are intended to synchronize state between React and external systems such as manually updating the DOM, state management libraries, or other platform APIs. In general, the body of an effect should do one or both of the following:
* Update external systems with the latest state from React.
* Subscribe for updates from some external system, calling setState in a callback function when external state changes.

Calling setState synchronously within an effect body causes cascading renders that can hurt performance, and is not recommended. (https://react.dev/learn/you-might-not-need-an-effect).

C:\Users\kevin\.gemini\antigravity\scratch\blis-corp\components\superadmin\ShippingManager.tsx:19:9
  17 |
  18 |     useEffect(() => {
> 19 |         setMounted(true);
     |         ^^^^^^^^^^ Avoid calling setState() directly within an effect
  20 |         return () => setMounted(false);
  21 |     }, []);
  22 |  react-hooks/set-state-in-effect
106:72  Warning: Unexpected any. Specify a different type.  @typescript-eslint/no-explicit-any
359:53  Error: `"` can be escaped with `&quot;`, `&ldquo;`, `&#34;`, `&rdquo;`.  react/no-unescaped-entities
359:182  Error: `"` can be escaped with `&quot;`, `&ldquo;`, `&#34;`, `&rdquo;`.  react/no-unescaped-entities

./components/superadmin/SidebarTools.tsx
7:5  Warning: 'FileEdit' is defined but never used. Allowed unused vars must match /^_/u.  @typescript-eslint/no-unused-vars
12:5  Warning: 'Copy' is defined but never used. Allowed unused vars must match /^_/u.  @typescript-eslint/no-unused-vars
21:5  Warning: 'ExternalLink' is defined but never used. Allowed unused vars must match /^_/u.  @typescript-eslint/no-unused-vars
26:5  Warning: 'LayoutDashboard' is defined but never used. Allowed unused vars must match /^_/u.  @typescript-eslint/no-unused-vars
31:5  Warning: 'Cpu' is defined but never used. Allowed unused vars must match /^_/u.  @typescript-eslint/no-unused-vars
34:5  Warning: 'Truck' is defined but never used. Allowed unused vars must match /^_/u.  @typescript-eslint/no-unused-vars
40:5  Warning: 'Scissors' is defined but never used. Allowed unused vars must match /^_/u.  @typescript-eslint/no-unused-vars
45:5  Warning: 'ShieldCheck' is defined but never used. Allowed unused vars must match /^_/u.  @typescript-eslint/no-unused-vars
48:5  Warning: 'LayoutList' is defined but never used. Allowed unused vars must match /^_/u.  @typescript-eslint/no-unused-vars
81:7  Warning: 'saveAIConfig' is assigned a value but never used. Allowed unused vars must match /^_/u.  @typescript-eslint/no-unused-vars
144:9  Warning: Error: Calling setState synchronously within an effect can trigger cascading renders

Effects are intended to synchronize state between React and external systems such as manually updating the DOM, state management libraries, or other platform APIs. In general, the body of an effect should do one or both of the following:
* Update external systems with the latest state from React.
* Subscribe for updates from some external system, calling setState in a callback function when external state changes.

Calling setState synchronously within an effect body causes cascading renders that can hurt performance, and is not recommended. (https://react.dev/learn/you-might-not-need-an-effect).

C:\Users\kevin\.gemini\antigravity\scratch\blis-corp\components\superadmin\SidebarTools.tsx:144:9
  142 |
  143 |     useEffect(() => {
> 144 |         checkConnections();
      |         ^^^^^^^^^^^^^^^^ Avoid calling setState() directly within an effect
  145 |         const interval = setInterval(checkConnections, 60000); // Check every minute
  146 |
  147 |         // Listen for storage changes from the API-Nube page  react-hooks/set-state-in-effect
249:69  Warning: Unexpected any. Specify a different type.  @typescript-eslint/no-explicit-any
250:55  Warning: Unexpected any. Specify a different type.  @typescript-eslint/no-explicit-any
251:55  Warning: Unexpected any. Specify a different type.  @typescript-eslint/no-explicit-any
252:55  Warning: Unexpected any. Specify a different type.  @typescript-eslint/no-explicit-any
253:55  Warning: Unexpected any. Specify a different type.  @typescript-eslint/no-explicit-any
256:26  Warning: 'e' is defined but never used.  @typescript-eslint/no-unused-vars
296:23  Warning: Unexpected any. Specify a different type.  @typescript-eslint/no-explicit-any
310:11  Warning: Unexpected any. Specify a different type.  @typescript-eslint/no-explicit-any
612:17  Error: 'clean' is never reassigned. Use 'const' instead.  prefer-const
614:13  Warning: Unused eslint-disable directive (no problems were reported from 'no-eval').
615:25  Warning: Compilation Skipped: The 'eval' function is not supported

Eval is an anti-pattern in JavaScript, and the code executed cannot be evaluated by React Compiler.

C:\Users\kevin\.gemini\antigravity\scratch\blis-corp\components\superadmin\SidebarTools.tsx:615:25
  613 |             if (!clean) return null;
  614 |             // eslint-disable-next-line no-eval
> 615 |             const res = eval(clean);
      |                         ^^^^ The 'eval' function is not supported
  616 |             return isFinite(res) ? String(Number(res.toFixed(8))) : null;
  617 |         } catch { return null; }
  618 |     };

  react-hooks/unsupported-syntax
656:8  Warning: React Hook useEffect has a missing dependency: 'handleInput'. Either include it or remove the dependency array.  react-hooks/exhaustive-deps
730:20  Warning: Error: Calling setState synchronously within an effect can trigger cascading renders

Effects are intended to synchronize state between React and external systems such as manually updating the DOM, state management libraries, or other platform APIs. In general, the body of an effect should do one or both of the following:
* Update external systems with the latest state from React.
* Subscribe for updates from some external system, calling setState in a callback function when external state changes.

Calling setState synchronously within an effect body causes cascading renders that can hurt performance, and is not recommended. (https://react.dev/learn/you-might-not-need-an-effect).

C:\Users\kevin\.gemini\antigravity\scratch\blis-corp\components\superadmin\SidebarTools.tsx:730:20
  728 |     useEffect(() => {
  729 |         const saved = localStorage.getItem(`ai_history_${tool.id}`);
> 730 |         if (saved) setHistory(JSON.parse(saved));
      |                    ^^^^^^^^^^ Avoid calling setState() directly within an effect
  731 |     }, [tool.id]);
  732 |
  733 |     const saveToHistory = (title: string, inputTxt: string, resTxt: string, modelUsed: string) => {  react-hooks/set-state-in-effect
787:36  Warning: Unexpected any. Specify a different type.  @typescript-eslint/no-explicit-any
1185:20  Warning: 'setPeriod' is assigned a value but never used. Allowed unused vars must match /^_/u.  @typescript-eslint/no-unused-vars
1264:11  Warning: 'diff' is assigned a value but never used. Allowed unused vars must match /^_/u.  @typescript-eslint/no-unused-vars
1464:18  Warning: 'e' is defined but never used.  @typescript-eslint/no-unused-vars
1631:102  Error: Error: Cannot call impure function during render

`Math.random` is an impure function. Calling an impure function can produce unstable results that update unpredictably when the component happens to re-render. (https://react.dev/reference/rules/components-and-hooks-must-be-pure#components-and-hooks-must-be-idempotent).

C:\Users\kevin\.gemini\antigravity\scratch\blis-corp\components\superadmin\SidebarTools.tsx:1631:102
  1629 |             <div className="w-40 h-40 bg-white mx-auto rounded-2xl flex items-center justify-center p-4">
  1630 |                 {val ? <div className="p-2 border-2 border-black w-full h-full flex flex-wrap gap-1">
> 1631 |                     {Array.from({ length: 64 }).map((_, i) => <div key={i} className={`w-1.5 h-1.5 ${Math.random() > 0.5 ? 'bg-black' : 'bg-transparent'}`} />)}
       |                                                                                                      ^^^^^^^^^^^^^ Cannot call impure function
  1632 |                 </div> : <Search className="w-12 h-12 text-zinc-300" />}
  1633 |             </div>
  1634 |             <input className="w-full bg-black/40 border border-white/5 p-4 rounded-xl text-white text-center font-black" placeholder="URL o Texto para el QR" value={val} onChange={e => setVal(e.target.value)} />  react-hooks/purity
1648:136  Error: `"` can be escaped with `&quot;`, `&ldquo;`, `&#34;`, `&rdquo;`.  react/no-unescaped-entities
1648:148  Error: `"` can be escaped with `&quot;`, `&ldquo;`, `&#34;`, `&rdquo;`.  react/no-unescaped-entities
1677:9  Warning: Error: Calling setState synchronously within an effect can trigger cascading renders

Effects are intended to synchronize state between React and external systems such as manually updating the DOM, state management libraries, or other platform APIs. In general, the body of an effect should do one or both of the following:
* Update external systems with the latest state from React.
* Subscribe for updates from some external system, calling setState in a callback function when external state changes.

Calling setState synchronously within an effect body causes cascading renders that can hurt performance, and is not recommended. (https://react.dev/learn/you-might-not-need-an-effect).

C:\Users\kevin\.gemini\antigravity\scratch\blis-corp\components\superadmin\SidebarTools.tsx:1677:9
  1675 |
  1676 |     useEffect(() => {
> 1677 |         loadRate();
       |         ^^^^^^^^ Avoid calling setState() directly within an effect
  1678 |     }, []);
  1679 |
  1680 |     const updateSoles = (v: string) => {  react-hooks/set-state-in-effect
1727:25  Warning: Using `<img>` could result in slower LCP and higher bandwidth. Consider using `<Image />` from `next/image` or a custom image loader to automatically optimize images. This may incur additional usage or cost from your provider. See: https://nextjs.org/docs/messages/no-img-element  @next/next/no-img-element
1727:25  Warning: img elements must have an alt prop, either with meaningful text, or an empty string for decorative images.  jsx-a11y/alt-text
1747:25  Warning: Using `<img>` could result in slower LCP and higher bandwidth. Consider using `<Image />` from `next/image` or a custom image loader to automatically optimize images. This may incur additional usage or cost from your provider. See: https://nextjs.org/docs/messages/no-img-element  @next/next/no-img-element
1747:25  Warning: img elements must have an alt prop, either with meaningful text, or an empty string for decorative images.  jsx-a11y/alt-text
1783:9  Warning: Error: Calling setState synchronously within an effect can trigger cascading renders

Effects are intended to synchronize state between React and external systems such as manually updating the DOM, state management libraries, or other platform APIs. In general, the body of an effect should do one or both of the following:
* Update external systems with the latest state from React.
* Subscribe for updates from some external system, calling setState in a callback function when external state changes.

Calling setState synchronously within an effect body causes cascading renders that can hurt performance, and is not recommended. (https://react.dev/learn/you-might-not-need-an-effect).

C:\Users\kevin\.gemini\antigravity\scratch\blis-corp\components\superadmin\SidebarTools.tsx:1783:9
  1781 |
  1782 |     useEffect(() => {
> 1783 |         setFrom(units[mode].units[0]);
       |         ^^^^^^^ Avoid calling setState() directly within an effect
  1784 |         setTo(units[mode].units[1]);
  1785 |         setResult(null);
  1786 |     }, [mode]);  react-hooks/set-state-in-effect
1786:8  Warning: React Hook useEffect has a missing dependency: 'units'. Either include it or remove the dependency array.  react-hooks/exhaustive-deps
1791:9  Error: Use "@ts-expect-error" instead of "@ts-ignore", as "@ts-ignore" will do nothing if the following line is error-free.  @typescript-eslint/ban-ts-comment
1854:68  Warning: Unexpected any. Specify a different type.  @typescript-eslint/no-explicit-any
1915:58  Warning: Unexpected any. Specify a different type.  @typescript-eslint/no-explicit-any
2090:25  Warning: Using `<img>` could result in slower LCP and higher bandwidth. Consider using `<Image />` from `next/image` or a custom image loader to automatically optimize images. This may incur additional usage or cost from your provider. See: https://nextjs.org/docs/messages/no-img-element  @next/next/no-img-element
2150:13  Warning: Unused eslint-disable directive (no problems were reported from 'no-eval').
2151:28  Warning: Compilation Skipped: The 'eval' function is not supported

Eval is an anti-pattern in JavaScript, and the code executed cannot be evaluated by React Compiler.

C:\Users\kevin\.gemini\antigravity\scratch\blis-corp\components\superadmin\SidebarTools.tsx:2151:28
  2149 |             // Safe eval for basic math
  2150 |             // eslint-disable-next-line no-eval
> 2151 |             const result = eval(f);
       |                            ^^^^ The 'eval' function is not supported
  2152 |             return isFinite(result) ? result.toString() : "ERR";
  2153 |         } catch { return "ERR"; }
  2154 |     };

  react-hooks/unsupported-syntax
2235:44  Warning: 'ci' is defined but never used. Allowed unused args must match /^_/u.  @typescript-eslint/no-unused-vars
2263:65  Warning: Unexpected any. Specify a different type.  @typescript-eslint/no-explicit-any
2355:13  Error: 'len' is never reassigned. Use 'const' instead.  prefer-const
2356:13  Error: 'den' is never reassigned. Use 'const' instead.  prefer-const
2357:13  Error: 'num' is never reassigned. Use 'const' instead.  prefer-const
2359:13  Error: 'common' is never reassigned. Use 'const' instead.  prefer-const
2387:13  Error: 'r' is never reassigned. Use 'const' instead.  prefer-const
2508:36  Warning: Unexpected any. Specify a different type.  @typescript-eslint/no-explicit-any

./components/superadmin/SkuManager.tsx
3:27  Warning: 'useRef' is defined but never used. Allowed unused vars must match /^_/u.  @typescript-eslint/no-unused-vars
4:46  Warning: 'Settings2' is defined but never used. Allowed unused vars must match /^_/u.  @typescript-eslint/no-unused-vars
4:57  Warning: 'Save' is defined but never used. Allowed unused vars must match /^_/u.  @typescript-eslint/no-unused-vars
4:63  Warning: 'Move' is defined but never used. Allowed unused vars must match /^_/u.  @typescript-eslint/no-unused-vars
23:9  Warning: Error: Calling setState synchronously within an effect can trigger cascading renders

Effects are intended to synchronize state between React and external systems such as manually updating the DOM, state management libraries, or other platform APIs. In general, the body of an effect should do one or both of the following:
* Update external systems with the latest state from React.
* Subscribe for updates from some external system, calling setState in a callback function when external state changes.

Calling setState synchronously within an effect body causes cascading renders that can hurt performance, and is not recommended. (https://react.dev/learn/you-might-not-need-an-effect).

C:\Users\kevin\.gemini\antigravity\scratch\blis-corp\components\superadmin\SkuManager.tsx:23:9
  21 |
  22 |     useEffect(() => {
> 23 |         setMounted(true);
     |         ^^^^^^^^^^ Avoid calling setState() directly within an effect
  24 |         return () => setMounted(false);
  25 |     }, []);
  26 |  react-hooks/set-state-in-effect

./components/superadmin/StatusManager.tsx
3:27  Warning: 'useRef' is defined but never used. Allowed unused vars must match /^_/u.  @typescript-eslint/no-unused-vars
4:55  Warning: 'Check' is defined but never used. Allowed unused vars must match /^_/u.  @typescript-eslint/no-unused-vars
4:78  Warning: 'Settings2' is defined but never used. Allowed unused vars must match /^_/u.  @typescript-eslint/no-unused-vars
4:89  Warning: 'Save' is defined but never used. Allowed unused vars must match /^_/u.  @typescript-eslint/no-unused-vars
20:62  Warning: 'updateStatusColor' is assigned a value but never used. Allowed unused vars must match /^_/u.  @typescript-eslint/no-unused-vars
29:9  Warning: Error: Calling setState synchronously within an effect can trigger cascading renders

Effects are intended to synchronize state between React and external systems such as manually updating the DOM, state management libraries, or other platform APIs. In general, the body of an effect should do one or both of the following:
* Update external systems with the latest state from React.
* Subscribe for updates from some external system, calling setState in a callback function when external state changes.

Calling setState synchronously within an effect body causes cascading renders that can hurt performance, and is not recommended. (https://react.dev/learn/you-might-not-need-an-effect).

C:\Users\kevin\.gemini\antigravity\scratch\blis-corp\components\superadmin\StatusManager.tsx:29:9
  27 |
  28 |     useEffect(() => {
> 29 |         setMounted(true);
     |         ^^^^^^^^^^ Avoid calling setState() directly within an effect
  30 |         return () => setMounted(false);
  31 |     }, []);
  32 |  react-hooks/set-state-in-effect

./components/superadmin/SuperadminSidebar.tsx
8:15  Warning: 'LogOut' is defined but never used. Allowed unused vars must match /^_/u.  @typescript-eslint/no-unused-vars
9:25  Warning: 'Menu' is defined but never used. Allowed unused vars must match /^_/u.  @typescript-eslint/no-unused-vars
9:31  Warning: 'X' is defined but never used. Allowed unused vars must match /^_/u.  @typescript-eslint/no-unused-vars
10:19  Warning: 'Boxes' is defined but never used. Allowed unused vars must match /^_/u.  @typescript-eslint/no-unused-vars
10:26  Warning: 'CandlestickChart' is defined but never used. Allowed unused vars must match /^_/u.  @typescript-eslint/no-unused-vars
10:44  Warning: 'Scale' is defined but never used. Allowed unused vars must match /^_/u.  @typescript-eslint/no-unused-vars
10:51  Warning: 'BarChart3' is defined but never used. Allowed unused vars must match /^_/u.  @typescript-eslint/no-unused-vars
16:10  Warning: 'ForwardRefExoticComponent' is defined but never used. Allowed unused vars must match /^_/u.  @typescript-eslint/no-unused-vars
16:37  Warning: 'RefAttributes' is defined but never used. Allowed unused vars must match /^_/u.  @typescript-eslint/no-unused-vars
72:9  Error: Error: Cannot access variable before it is declared

`sections` is accessed before it is declared, which prevents the earlier access from updating when this value changes over time.

C:\Users\kevin\.gemini\antigravity\scratch\blis-corp\components\superadmin\SuperadminSidebar.tsx:72:9
  70 |     useEffect(() => {
  71 |         const initialExpanded: Record<string, boolean> = {};
> 72 |         sections.forEach(section => {
     |         ^^^^^^^^ `sections` accessed before it is declared
  73 |             section.items.forEach(item => {
  74 |                 if (item.subItems) {
  75 |                     const hasActiveChild = item.subItems.some(sub => pathname === sub.href);

C:\Users\kevin\.gemini\antigravity\scratch\blis-corp\components\superadmin\SuperadminSidebar.tsx:85:5
   83 |     }, [pathname]);
   84 |
>  85 |     const sections: Section[] = [
      |     ^^^^^^^^^^^^^^^^^^^^^^^^^^^^^
>  86 |         {
      | ^^^^^^^^^
>  87 |             title: "Principal",
      ÔÇª
      | ^^^^^^^^^
> 173 |         }
      | ^^^^^^^^^
> 174 |     ];
      | ^^^^^^^ `sections` is declared here
  175 |
  176 |     return (
  177 |         <>  react-hooks/immutability
83:8  Warning: React Hook useEffect has a missing dependency: 'sections'. Either include it or remove the dependency array.  react-hooks/exhaustive-deps

./components/superadmin/UnitManager.tsx
4:72  Warning: 'Move' is defined but never used. Allowed unused vars must match /^_/u.  @typescript-eslint/no-unused-vars
4:78  Warning: 'Hash' is defined but never used. Allowed unused vars must match /^_/u.  @typescript-eslint/no-unused-vars
26:44  Warning: Unexpected any. Specify a different type.  @typescript-eslint/no-explicit-any
32:46  Warning: Unexpected any. Specify a different type.  @typescript-eslint/no-explicit-any
35:9  Warning: Error: Calling setState synchronously within an effect can trigger cascading renders

Effects are intended to synchronize state between React and external systems such as manually updating the DOM, state management libraries, or other platform APIs. In general, the body of an effect should do one or both of the following:
* Update external systems with the latest state from React.
* Subscribe for updates from some external system, calling setState in a callback function when external state changes.

Calling setState synchronously within an effect body causes cascading renders that can hurt performance, and is not recommended. (https://react.dev/learn/you-might-not-need-an-effect).

C:\Users\kevin\.gemini\antigravity\scratch\blis-corp\components\superadmin\UnitManager.tsx:35:9
  33 |
  34 |     useEffect(() => {
> 35 |         setMounted(true);
     |         ^^^^^^^^^^ Avoid calling setState() directly within an effect
  36 |         return () => setMounted(false);
  37 |     }, []);
  38 |  react-hooks/set-state-in-effect
49:33  Warning: Unexpected any. Specify a different type.  @typescript-eslint/no-explicit-any
190:133  Warning: Unexpected any. Specify a different type.  @typescript-eslint/no-explicit-any

./components/superadmin/ViewManager.tsx
14:9  Warning: Error: Calling setState synchronously within an effect can trigger cascading renders

Effects are intended to synchronize state between React and external systems such as manually updating the DOM, state management libraries, or other platform APIs. In general, the body of an effect should do one or both of the following:
* Update external systems with the latest state from React.
* Subscribe for updates from some external system, calling setState in a callback function when external state changes.

Calling setState synchronously within an effect body causes cascading renders that can hurt performance, and is not recommended. (https://react.dev/learn/you-might-not-need-an-effect).

C:\Users\kevin\.gemini\antigravity\scratch\blis-corp\components\superadmin\ViewManager.tsx:14:9
  12 |
  13 |     useEffect(() => {
> 14 |         setMounted(true);
     |         ^^^^^^^^^^ Avoid calling setState() directly within an effect
  15 |         const savedView = localStorage.getItem("blis_default_view");
  16 |         if (savedView) setDefaultView(savedView);
  17 |         return () => setMounted(false);  react-hooks/set-state-in-effect

./components/templates/TemplateCard.tsx
9:44  Warning: 'Globe' is defined but never used. Allowed unused vars must match /^_/u.  @typescript-eslint/no-unused-vars
153:9  Warning: Using `<img>` could result in slower LCP and higher bandwidth. Consider using `<Image />` from `next/image` or a custom image loader to automatically optimize images. This may incur additional usage or cost from your provider. See: https://nextjs.org/docs/messages/no-img-element  @next/next/no-img-element

./components/templates/TemplateTypeModal.tsx
177:66  Error: `"` can be escaped with `&quot;`, `&ldquo;`, `&#34;`, `&rdquo;`.  react/no-unescaped-entities
177:77  Error: `"` can be escaped with `&quot;`, `&ldquo;`, `&#34;`, `&rdquo;`.  react/no-unescaped-entities

./components/tienda/BundlesSection.tsx
119:15  Warning: Using `<img>` could result in slower LCP and higher bandwidth. Consider using `<Image />` from `next/image` or a custom image loader to automatically optimize images. This may incur additional usage or cost from your provider. See: https://nextjs.org/docs/messages/no-img-element  @next/next/no-img-element

./components/tienda/CartSidebar.tsx
4:35  Warning: 'Plus' is defined but never used. Allowed unused vars must match /^_/u.  @typescript-eslint/no-unused-vars
4:41  Warning: 'Minus' is defined but never used. Allowed unused vars must match /^_/u.  @typescript-eslint/no-unused-vars
5:8  Warning: 'Image' is defined but never used. Allowed unused vars must match /^_/u.  @typescript-eslint/no-unused-vars
6:8  Warning: 'Link' is defined but never used. Allowed unused vars must match /^_/u.  @typescript-eslint/no-unused-vars
95:49  Warning: Using `<img>` could result in slower LCP and higher bandwidth. Consider using `<Image />` from `next/image` or a custom image loader to automatically optimize images. This may incur additional usage or cost from your provider. See: https://nextjs.org/docs/messages/no-img-element  @next/next/no-img-element

./components/tienda/FlashDeals.tsx
4:18  Warning: 'AnimatePresence' is defined but never used. Allowed unused vars must match /^_/u.  @typescript-eslint/no-unused-vars
83:9  Warning: 'deal' is assigned a value but never used. Allowed unused vars must match /^_/u.  @typescript-eslint/no-unused-vars
122:15  Warning: Using `<img>` could result in slower LCP and higher bandwidth. Consider using `<Image />` from `next/image` or a custom image loader to automatically optimize images. This may incur additional usage or cost from your provider. See: https://nextjs.org/docs/messages/no-img-element  @next/next/no-img-element

./components/tienda/ProductCategorySlider.tsx
4:30  Warning: 'ShieldCheck' is defined but never used. Allowed unused vars must match /^_/u.  @typescript-eslint/no-unused-vars
140:51  Warning: 'blisCoins' is assigned a value but never used. Allowed unused vars must match /^_/u.  @typescript-eslint/no-unused-vars
170:30  Warning: Unexpected any. Specify a different type.  @typescript-eslint/no-explicit-any

./components/tienda/ProductSearch.tsx
201:74  Error: `"` can be escaped with `&quot;`, `&ldquo;`, `&#34;`, `&rdquo;`.  react/no-unescaped-entities
201:82  Error: `"` can be escaped with `&quot;`, `&ldquo;`, `&#34;`, `&rdquo;`.  react/no-unescaped-entities
210:27  Warning: Using `<img>` could result in slower LCP and higher bandwidth. Consider using `<Image />` from `next/image` or a custom image loader to automatically optimize images. This may incur additional usage or cost from your provider. See: https://nextjs.org/docs/messages/no-img-element  @next/next/no-img-element

./components/tienda/TestimonialsCarousel.tsx
113:15  Error: `"` can be escaped with `&quot;`, `&ldquo;`, `&#34;`, `&rdquo;`.  react/no-unescaped-entities
113:24  Error: `"` can be escaped with `&quot;`, `&ldquo;`, `&#34;`, `&rdquo;`.  react/no-unescaped-entities

./components/tienda/TopSellers.tsx
6:8  Warning: 'Link' is defined but never used. Allowed unused vars must match /^_/u.  @typescript-eslint/no-unused-vars
119:9  Warning: Using `<img>` could result in slower LCP and higher bandwidth. Consider using `<Image />` from `next/image` or a custom image loader to automatically optimize images. This may incur additional usage or cost from your provider. See: https://nextjs.org/docs/messages/no-img-element  @next/next/no-img-element

./components/tienda/UrgencyTimer.tsx
12:9  Warning: Error: Calling setState synchronously within an effect can trigger cascading renders

Effects are intended to synchronize state between React and external systems such as manually updating the DOM, state management libraries, or other platform APIs. In general, the body of an effect should do one or both of the following:
* Update external systems with the latest state from React.
* Subscribe for updates from some external system, calling setState in a callback function when external state changes.

Calling setState synchronously within an effect body causes cascading renders that can hurt performance, and is not recommended. (https://react.dev/learn/you-might-not-need-an-effect).

C:\Users\kevin\.gemini\antigravity\scratch\blis-corp\components\tienda\UrgencyTimer.tsx:12:9
  10 |
  11 |     useEffect(() => {
> 12 |         setIsMounted(true);
     |         ^^^^^^^^^^^^ Avoid calling setState() directly within an effect
  13 |
  14 |         // Timer Logic based on strictly kept localStorage so it stays realistic
  15 |         const initTimer = () => {  react-hooks/set-state-in-effect

./components/ui/AutoSlider.tsx
13:20  Warning: Unexpected any. Specify a different type.  @typescript-eslint/no-explicit-any
54:21  Error: Error: Cannot access variable before it is declared

`slideNext` is accessed before it is declared, which prevents the earlier access from updating when this value changes over time.

C:\Users\kevin\.gemini\antigravity\scratch\blis-corp\components\ui\AutoSlider.tsx:54:21
  52 |
  53 |                 if (currentProgress >= 100) {
> 54 |                     slideNext(true);
     |                     ^^^^^^^^^ `slideNext` accessed before it is declared
  55 |                     accumulatedTime = 0;
  56 |                     setProgress(0);
  57 |                 } else {

C:\Users\kevin\.gemini\antigravity\scratch\blis-corp\components\ui\AutoSlider.tsx:70:5
  68 |     }, [isHovered, direction]);
  69 |
> 70 |     const slideNext = (auto = false) => {
     |     ^^^^^^^^^^^^^^^^^^^^^^^^^^^^^^^^^^^^^
> 71 |         if (!scrollRef.current) return;
     | ^^^^^^^^^^^^^^^^^^^^^^^^^^^^^^^^^^^^^^^
> 72 |         const scrollAmount = direction === "ltr" ? 280 : -280;
     ÔÇª
     | ^^^^^^^^^^^^^^^^^^^^^^^^^^^^^^^^^^^^^^^
> 83 |         }
     | ^^^^^^^^^^^^^^^^^^^^^^^^^^^^^^^^^^^^^^^
> 84 |     };
     | ^^^^^^^ `slideNext` is declared here
  85 |
  86 |     const slidePrev = () => {
  87 |         if (!scrollRef.current) return;  react-hooks/immutability
68:8  Warning: React Hook useEffect has a missing dependency: 'slideNext'. Either include it or remove the dependency array.  react-hooks/exhaustive-deps
70:24  Warning: 'auto' is assigned a value but never used. Allowed unused args must match /^_/u.  @typescript-eslint/no-unused-vars
144:33  Warning: Using `<img>` could result in slower LCP and higher bandwidth. Consider using `<Image />` from `next/image` or a custom image loader to automatically optimize images. This may incur additional usage or cost from your provider. See: https://nextjs.org/docs/messages/no-img-element  @next/next/no-img-element

./components/ui/ConstructionLoader.tsx
44:6  Warning: React Hook useEffect has a missing dependency: 'words.length'. Either include it or remove the dependency array.  react-hooks/exhaustive-deps
266:29  Error: Error: Cannot call impure function during render

`Math.random` is an impure function. Calling an impure function can produce unstable results that update unpredictably when the component happens to re-render. (https://react.dev/reference/rules/components-and-hooks-must-be-pure#components-and-hooks-must-be-idempotent).

C:\Users\kevin\.gemini\antigravity\scratch\blis-corp\components\ui\ConstructionLoader.tsx:266:29
  264 |                   }}
  265 |                   animate={{
> 266 |                     x: [0, (Math.random() - 0.5) * 40],
      |                             ^^^^^^^^^^^^^ Cannot call impure function
  267 |                     y: [0, (Math.random() - 0.5) * 40],
  268 |                     opacity: [1, 0],
  269 |                     scale: [1, 0]  react-hooks/purity
267:29  Error: Error: Cannot call impure function during render

`Math.random` is an impure function. Calling an impure function can produce unstable results that update unpredictably when the component happens to re-render. (https://react.dev/reference/rules/components-and-hooks-must-be-pure#components-and-hooks-must-be-idempotent).

C:\Users\kevin\.gemini\antigravity\scratch\blis-corp\components\ui\ConstructionLoader.tsx:267:29
  265 |                   animate={{
  266 |                     x: [0, (Math.random() - 0.5) * 40],
> 267 |                     y: [0, (Math.random() - 0.5) * 40],
      |                             ^^^^^^^^^^^^^ Cannot call impure function
  268 |                     opacity: [1, 0],
  269 |                     scale: [1, 0]
  270 |                   }}  react-hooks/purity
275:34  Error: Error: Cannot call impure function during render

`Math.random` is an impure function. Calling an impure function can produce unstable results that update unpredictably when the component happens to re-render. (https://react.dev/reference/rules/components-and-hooks-must-be-pure#components-and-hooks-must-be-idempotent).

C:\Users\kevin\.gemini\antigravity\scratch\blis-corp\components\ui\ConstructionLoader.tsx:275:34
  273 |                     repeat: Infinity,
  274 |                     delay: i * 0.1,
> 275 |                     repeatDelay: Math.random() * 2
      |                                  ^^^^^^^^^^^^^ Cannot call impure function
  276 |                   }}
  277 |                 />
  278 |               ))}  react-hooks/purity

./components/ui/CustomCursor.tsx
3:10  Warning: 'useState' is defined but never used. Allowed unused vars must match /^_/u.  @typescript-eslint/no-unused-vars

./components/ui/Toast.tsx
5:10  Warning: 'useEffect' is defined but never used. Allowed unused vars must match /^_/u.  @typescript-eslint/no-unused-vars

./components/utils/PWARegistrar.tsx
22:55  Warning: 'e' is defined but never used. Allowed unused args must match /^_/u.  @typescript-eslint/no-unused-vars
22:58  Warning: Unexpected any. Specify a different type.  @typescript-eslint/no-explicit-any

./lib/apisunat.ts
36:47  Warning: Unexpected any. Specify a different type.  @typescript-eslint/no-explicit-any
70:14  Warning: 'error' is defined but never used.  @typescript-eslint/no-unused-vars

./lib/cachedSupabaseStorage.ts
41:50  Warning: Unexpected any. Specify a different type.  @typescript-eslint/no-explicit-any
99:42  Warning: Unexpected any. Specify a different type.  @typescript-eslint/no-explicit-any
99:50  Warning: Unexpected any. Specify a different type.  @typescript-eslint/no-explicit-any
105:62  Warning: Unexpected any. Specify a different type.  @typescript-eslint/no-explicit-any
115:92  Warning: Unexpected any. Specify a different type.  @typescript-eslint/no-explicit-any
130:68  Warning: Unexpected any. Specify a different type.  @typescript-eslint/no-explicit-any
266:39  Warning: Unexpected any. Specify a different type.  @typescript-eslint/no-explicit-any
266:64  Warning: Unexpected any. Specify a different type.  @typescript-eslint/no-explicit-any
272:42  Warning: Unexpected any. Specify a different type.  @typescript-eslint/no-explicit-any
284:62  Warning: Unexpected any. Specify a different type.  @typescript-eslint/no-explicit-any
292:46  Warning: Unexpected any. Specify a different type.  @typescript-eslint/no-explicit-any

./lib/context/ProjectContext.tsx
153:57  Warning: Unexpected any. Specify a different type.  @typescript-eslint/no-explicit-any
163:46  Warning: Unexpected any. Specify a different type.  @typescript-eslint/no-explicit-any
225:6  Warning: React Hook useEffect has a missing dependency: 'loadProjects'. Either include it or remove the dependency array.  react-hooks/exhaustive-deps
276:24  Warning: Unexpected any. Specify a different type.  @typescript-eslint/no-explicit-any
377:15  Warning: 'data' is assigned a value but never used. Allowed unused vars must match /^_/u.  @typescript-eslint/no-unused-vars

./lib/ecuador-apis.ts
113:30  Warning: Unexpected any. Specify a different type.  @typescript-eslint/no-explicit-any
118:80  Warning: Unexpected any. Specify a different type.  @typescript-eslint/no-explicit-any
175:54  Warning: Unexpected any. Specify a different type.  @typescript-eslint/no-explicit-any
284:21  Warning: Unexpected any. Specify a different type.  @typescript-eslint/no-explicit-any
295:47  Warning: Unexpected any. Specify a different type.  @typescript-eslint/no-explicit-any
295:64  Warning: Unexpected any. Specify a different type.  @typescript-eslint/no-explicit-any
295:143  Warning: Unexpected any. Specify a different type.  @typescript-eslint/no-explicit-any

./lib/ecuador-billing.ts
62:11  Warning: Unexpected any. Specify a different type.  @typescript-eslint/no-explicit-any
63:15  Warning: Unexpected any. Specify a different type.  @typescript-eslint/no-explicit-any
68:17  Warning: Unexpected any. Specify a different type.  @typescript-eslint/no-explicit-any

./lib/envato-elements.ts
16:21  Warning: Unexpected any. Specify a different type.  @typescript-eslint/no-explicit-any
23:21  Warning: Unexpected any. Specify a different type.  @typescript-eslint/no-explicit-any

./lib/hooks/useAuth.ts
78:16  Warning: 'error' is defined but never used.  @typescript-eslint/no-unused-vars

./lib/hooks/useProducts.ts
1:20  Warning: 'useEffect' is defined but never used. Allowed unused vars must match /^_/u.  @typescript-eslint/no-unused-vars

./lib/hooks/useReadingTracker.ts
18:17  Warning: 'setError' is assigned a value but never used. Allowed unused vars must match /^_/u.  @typescript-eslint/no-unused-vars
144:5  Warning: Error: Calling setState synchronously within an effect can trigger cascading renders

Effects are intended to synchronize state between React and external systems such as manually updating the DOM, state management libraries, or other platform APIs. In general, the body of an effect should do one or both of the following:
* Update external systems with the latest state from React.
* Subscribe for updates from some external system, calling setState in a callback function when external state changes.

Calling setState synchronously within an effect body causes cascading renders that can hurt performance, and is not recommended. (https://react.dev/learn/you-might-not-need-an-effect).

C:\Users\kevin\.gemini\antigravity\scratch\blis-corp\lib\hooks\useReadingTracker.ts:144:5
  142 |
  143 |   useEffect(() => {
> 144 |     loadProgress()
      |     ^^^^^^^^^^^^ Avoid calling setState() directly within an effect
  145 |     
  146 |     const handleVisibilityChange = () => {
  147 |       if (document.hidden) {  react-hooks/set-state-in-effect

./lib/hooks/useReferrals.ts
68:14  Warning: 'err' is defined but never used.  @typescript-eslint/no-unused-vars
90:14  Warning: 'err' is defined but never used.  @typescript-eslint/no-unused-vars

./lib/integrations/notion.ts
159:45  Warning: Unexpected any. Specify a different type.  @typescript-eslint/no-explicit-any
197:44  Warning: Unexpected any. Specify a different type.  @typescript-eslint/no-explicit-any

./lib/notion-ai-parser.ts
166:43  Warning: Unexpected any. Specify a different type.  @typescript-eslint/no-explicit-any

./lib/notion-receipts.ts
26:27  Warning: Unexpected any. Specify a different type.  @typescript-eslint/no-explicit-any
36:30  Warning: Unexpected any. Specify a different type.  @typescript-eslint/no-explicit-any
36:50  Warning: Unexpected any. Specify a different type.  @typescript-eslint/no-explicit-any
41:46  Warning: Unexpected any. Specify a different type.  @typescript-eslint/no-explicit-any
42:54  Warning: Unexpected any. Specify a different type.  @typescript-eslint/no-explicit-any
45:60  Warning: Unexpected any. Specify a different type.  @typescript-eslint/no-explicit-any
48:46  Warning: Unexpected any. Specify a different type.  @typescript-eslint/no-explicit-any
49:52  Warning: Unexpected any. Specify a different type.  @typescript-eslint/no-explicit-any
53:76  Warning: Unexpected any. Specify a different type.  @typescript-eslint/no-explicit-any
63:36  Warning: Unexpected any. Specify a different type.  @typescript-eslint/no-explicit-any
63:62  Warning: Unexpected any. Specify a different type.  @typescript-eslint/no-explicit-any
92:46  Warning: Unexpected any. Specify a different type.  @typescript-eslint/no-explicit-any
100:51  Warning: Unexpected any. Specify a different type.  @typescript-eslint/no-explicit-any
100:82  Warning: Unexpected any. Specify a different type.  @typescript-eslint/no-explicit-any
174:62  Warning: 'projectId' is defined but never used. Allowed unused args must match /^_/u.  @typescript-eslint/no-unused-vars
191:14  Warning: 'e' is defined but never used.  @typescript-eslint/no-unused-vars
201:21  Warning: Unexpected any. Specify a different type.  @typescript-eslint/no-explicit-any
207:17  Warning: Unexpected any. Specify a different type.  @typescript-eslint/no-explicit-any

./lib/notion.ts
16:21  Warning: Unexpected any. Specify a different type.  @typescript-eslint/no-explicit-any
71:11  Warning: 'dbInfo' is assigned a value but never used. Allowed unused vars must match /^_/u.  @typescript-eslint/no-unused-vars
73:12  Warning: 'dbErr' is defined but never used.  @typescript-eslint/no-unused-vars
73:19  Warning: Unexpected any. Specify a different type.  @typescript-eslint/no-explicit-any
76:13  Warning: 'pageInfo' is assigned a value but never used. Allowed unused vars must match /^_/u.  @typescript-eslint/no-unused-vars
80:14  Warning: 'pageErr' is defined but never used.  @typescript-eslint/no-unused-vars
80:23  Warning: Unexpected any. Specify a different type.  @typescript-eslint/no-explicit-any
87:66  Warning: Unexpected any. Specify a different type.  @typescript-eslint/no-explicit-any
87:80  Warning: Unexpected any. Specify a different type.  @typescript-eslint/no-explicit-any
88:16  Warning: Unexpected any. Specify a different type.  @typescript-eslint/no-explicit-any
92:17  Warning: Unexpected any. Specify a different type.  @typescript-eslint/no-explicit-any
114:40  Warning: Unexpected any. Specify a different type.  @typescript-eslint/no-explicit-any
114:46  Warning: Unexpected any. Specify a different type.  @typescript-eslint/no-explicit-any
119:34  Warning: Unexpected any. Specify a different type.  @typescript-eslint/no-explicit-any
121:38  Warning: Unexpected any. Specify a different type.  @typescript-eslint/no-explicit-any
127:41  Warning: Unexpected any. Specify a different type.  @typescript-eslint/no-explicit-any
141:37  Warning: Unexpected any. Specify a different type.  @typescript-eslint/no-explicit-any
146:76  Warning: Unexpected any. Specify a different type.  @typescript-eslint/no-explicit-any
151:35  Warning: Unexpected any. Specify a different type.  @typescript-eslint/no-explicit-any
162:42  Warning: Unexpected any. Specify a different type.  @typescript-eslint/no-explicit-any
166:29  Warning: Unexpected any. Specify a different type.  @typescript-eslint/no-explicit-any
173:51  Warning: Unexpected any. Specify a different type.  @typescript-eslint/no-explicit-any
173:82  Warning: Unexpected any. Specify a different type.  @typescript-eslint/no-explicit-any
208:9  Warning: 'cuotasCantidad' is assigned a value but never used. Allowed unused vars must match /^_/u.  @typescript-eslint/no-unused-vars
219:26  Warning: Unexpected any. Specify a different type.  @typescript-eslint/no-explicit-any
346:36  Warning: Unexpected any. Specify a different type.  @typescript-eslint/no-explicit-any
355:10  Warning: 'normalizeStatus' is defined but never used. Allowed unused vars must match /^_/u.  @typescript-eslint/no-unused-vars
374:12  Warning: Unexpected any. Specify a different type.  @typescript-eslint/no-explicit-any
375:22  Warning: Unexpected any. Specify a different type.  @typescript-eslint/no-explicit-any
376:23  Warning: Unexpected any. Specify a different type.  @typescript-eslint/no-explicit-any
379:31  Warning: Unexpected any. Specify a different type.  @typescript-eslint/no-explicit-any

./lib/peru-apis.ts
41:18  Warning: 'e' is defined but never used.  @typescript-eslint/no-unused-vars
109:21  Warning: Unexpected any. Specify a different type.  @typescript-eslint/no-explicit-any
166:21  Warning: Unexpected any. Specify a different type.  @typescript-eslint/no-explicit-any
201:21  Warning: Unexpected any. Specify a different type.  @typescript-eslint/no-explicit-any

./lib/supabase/index.ts
432:1  Warning: Assign object to a variable before exporting as module default  import/no-anonymous-default-export

./lib/supabaseStorage.ts
12:30  Warning: Unexpected any. Specify a different type.  @typescript-eslint/no-explicit-any
33:50  Warning: Unexpected any. Specify a different type.  @typescript-eslint/no-explicit-any
78:42  Warning: Unexpected any. Specify a different type.  @typescript-eslint/no-explicit-any
78:50  Warning: Unexpected any. Specify a different type.  @typescript-eslint/no-explicit-any
84:62  Warning: Unexpected any. Specify a different type.  @typescript-eslint/no-explicit-any
94:92  Warning: Unexpected any. Specify a different type.  @typescript-eslint/no-explicit-any
102:68  Warning: Unexpected any. Specify a different type.  @typescript-eslint/no-explicit-any
213:46  Warning: Unexpected any. Specify a different type.  @typescript-eslint/no-explicit-any
223:90  Warning: Unexpected any. Specify a different type.  @typescript-eslint/no-explicit-any
231:50  Warning: Unexpected any. Specify a different type.  @typescript-eslint/no-explicit-any
338:18  Warning: Unexpected any. Specify a different type.  @typescript-eslint/no-explicit-any
349:27  Warning: Unexpected any. Specify a different type.  @typescript-eslint/no-explicit-any
352:27  Warning: Unexpected any. Specify a different type.  @typescript-eslint/no-explicit-any

./lib/types/contexts.ts
215:29  Warning: Unexpected any. Specify a different type.  @typescript-eslint/no-explicit-any
230:33  Warning: Unexpected any. Specify a different type.  @typescript-eslint/no-explicit-any
252:43  Warning: Unexpected any. Specify a different type.  @typescript-eslint/no-explicit-any
253:37  Warning: Unexpected any. Specify a different type.  @typescript-eslint/no-explicit-any
266:29  Warning: Unexpected any. Specify a different type.  @typescript-eslint/no-explicit-any
281:33  Warning: Unexpected any. Specify a different type.  @typescript-eslint/no-explicit-any

./lib/types/database.ts
552:28  Warning: Unexpected any. Specify a different type.  @typescript-eslint/no-explicit-any
779:37  Warning: Unexpected any. Specify a different type.  @typescript-eslint/no-explicit-any
780:33  Warning: Unexpected any. Specify a different type.  @typescript-eslint/no-explicit-any

info  - Need to disable some ESLint rules? Learn more here: https://nextjs.org/docs/app/api-reference/config/eslint#disabling-rules
